

================================================================
== Vivado HLS Report for 'initializeSensor'
================================================================
* Date:           Tue Aug 14 14:00:52 2018

* Version:        2017.4 (Build 2086221 on Fri Dec 15 21:13:33 MST 2017)
* Project:        bmesensor
* Solution:       bmesensor
* Product family: zynq
* Target device:  xc7z020clg400-1


================================================================
== Performance Estimates
================================================================
+ Timing (ns): 
    * Summary: 
    +--------+-------+----------+------------+
    |  Clock | Target| Estimated| Uncertainty|
    +--------+-------+----------+------------+
    |ap_clk  |   4.00|      3.50|        0.50|
    +--------+-------+----------+------------+

+ Latency (clock cycles): 
    * Summary: 
    +-----+-----+-----+-----+---------+
    |  Latency  |  Interval | Pipeline|
    | min | max | min | max |   Type  |
    +-----+-----+-----+-----+---------+
    |   17|   17|   17|   17|   none  |
    +-----+-----+-----+-----+---------+

    + Detail: 
        * Instance: 
        N/A

        * Loop: 
        N/A

============================================================
+ Verbose Summary: Synthesis Manager
============================================================
InlineROM: 1
ExposeGlobal: 0
============================================================
+ Verbose Summary: CDFG Model
============================================================
IsTopModel: 0
ResetActiveHigh: 1
IsCombinational: 0
IsDatapathOnly: 0
HasWiredReturn: 1
HasMFsm: 0
HasVarLatency: 1
IsPipeline: 0
IsRtlPipelined: 0
IsInstanceOverlapped: 0
IsDontTouch: 0
HasImplIP: 0
IsGatedGlobalClock: 0


============================================================
+ Verbose Summary: Schedule
============================================================
* Number of FSM states : 18
* Pipeline : 0
* Dataflow Pipeline: 0

* FSM state transitions: 
1 --> 
	2  / true
2 --> 
	3  / true
3 --> 
	4  / true
4 --> 
	5  / true
5 --> 
	6  / true
6 --> 
	7  / true
7 --> 
	8  / true
8 --> 
	9  / true
9 --> 
	10  / true
10 --> 
	11  / true
11 --> 
	12  / true
12 --> 
	13  / true
13 --> 
	14  / true
14 --> 
	15  / true
15 --> 
	16  / true
16 --> 
	17  / true
17 --> 
	18  / true
18 --> 

* FSM state operations: 

 <State 1> : 3.50ns
ST_1 : Operation 19 [1/1] (0.00ns)   --->   "%iic2_addr = getelementptr i32* %iic2, i64 268436546"
ST_1 : Operation 20 [1/1] (3.50ns)   --->   "%iic2_addr_req = call i1 @_ssdm_op_WriteReq.m_axi.i32P(i32* %iic2_addr, i32 1)" [bmesensor.cpp:295]   --->   Core 9 'm_axi' <Latency = 6> <II = 1> <Delay = 1.00> <Adapter> <Opcode : 'read' 'write' 'readreq' 'writereq' 'writeresp'>

 <State 2> : 3.50ns
ST_2 : Operation 21 [1/1] (3.50ns)   --->   "call void @_ssdm_op_Write.m_axi.volatile.i32P(i32* %iic2_addr, i32 492, i4 -1)" [bmesensor.cpp:295]   --->   Core 9 'm_axi' <Latency = 6> <II = 1> <Delay = 1.00> <Adapter> <Opcode : 'read' 'write' 'readreq' 'writereq' 'writeresp'>
ST_2 : Operation 22 [1/1] (3.50ns)   --->   "%iic2_addr_req1 = call i1 @_ssdm_op_WriteReq.m_axi.i32P(i32* %iic2_addr, i32 1)" [bmesensor.cpp:296]   --->   Core 9 'm_axi' <Latency = 6> <II = 1> <Delay = 1.00> <Adapter> <Opcode : 'read' 'write' 'readreq' 'writereq' 'writeresp'>

 <State 3> : 3.50ns
ST_3 : Operation 23 [5/5] (3.50ns)   --->   "%iic2_addr_resp = call i1 @_ssdm_op_WriteResp.m_axi.i32P(i32* %iic2_addr)" [bmesensor.cpp:295]   --->   Core 9 'm_axi' <Latency = 6> <II = 1> <Delay = 1.00> <Adapter> <Opcode : 'read' 'write' 'readreq' 'writereq' 'writeresp'>
ST_3 : Operation 24 [1/1] (3.50ns)   --->   "call void @_ssdm_op_Write.m_axi.volatile.i32P(i32* %iic2_addr, i32 224, i4 -1)" [bmesensor.cpp:296]   --->   Core 9 'm_axi' <Latency = 6> <II = 1> <Delay = 1.00> <Adapter> <Opcode : 'read' 'write' 'readreq' 'writereq' 'writeresp'>
ST_3 : Operation 25 [1/1] (3.50ns)   --->   "%iic2_addr_req3 = call i1 @_ssdm_op_WriteReq.m_axi.i32P(i32* %iic2_addr, i32 1)" [bmesensor.cpp:297]   --->   Core 9 'm_axi' <Latency = 6> <II = 1> <Delay = 1.00> <Adapter> <Opcode : 'read' 'write' 'readreq' 'writereq' 'writeresp'>

 <State 4> : 3.50ns
ST_4 : Operation 26 [4/5] (3.50ns)   --->   "%iic2_addr_resp = call i1 @_ssdm_op_WriteResp.m_axi.i32P(i32* %iic2_addr)" [bmesensor.cpp:295]   --->   Core 9 'm_axi' <Latency = 6> <II = 1> <Delay = 1.00> <Adapter> <Opcode : 'read' 'write' 'readreq' 'writereq' 'writeresp'>
ST_4 : Operation 27 [5/5] (3.50ns)   --->   "%iic2_addr_resp2 = call i1 @_ssdm_op_WriteResp.m_axi.i32P(i32* %iic2_addr)" [bmesensor.cpp:296]   --->   Core 9 'm_axi' <Latency = 6> <II = 1> <Delay = 1.00> <Adapter> <Opcode : 'read' 'write' 'readreq' 'writereq' 'writeresp'>
ST_4 : Operation 28 [1/1] (3.50ns)   --->   "call void @_ssdm_op_Write.m_axi.volatile.i32P(i32* %iic2_addr, i32 182, i4 -1)" [bmesensor.cpp:297]   --->   Core 9 'm_axi' <Latency = 6> <II = 1> <Delay = 1.00> <Adapter> <Opcode : 'read' 'write' 'readreq' 'writereq' 'writeresp'>
ST_4 : Operation 29 [1/1] (3.50ns)   --->   "%iic2_addr_req5 = call i1 @_ssdm_op_WriteReq.m_axi.i32P(i32* %iic2_addr, i32 1)" [bmesensor.cpp:300]   --->   Core 9 'm_axi' <Latency = 6> <II = 1> <Delay = 1.00> <Adapter> <Opcode : 'read' 'write' 'readreq' 'writereq' 'writeresp'>

 <State 5> : 3.50ns
ST_5 : Operation 30 [3/5] (3.50ns)   --->   "%iic2_addr_resp = call i1 @_ssdm_op_WriteResp.m_axi.i32P(i32* %iic2_addr)" [bmesensor.cpp:295]   --->   Core 9 'm_axi' <Latency = 6> <II = 1> <Delay = 1.00> <Adapter> <Opcode : 'read' 'write' 'readreq' 'writereq' 'writeresp'>
ST_5 : Operation 31 [4/5] (3.50ns)   --->   "%iic2_addr_resp2 = call i1 @_ssdm_op_WriteResp.m_axi.i32P(i32* %iic2_addr)" [bmesensor.cpp:296]   --->   Core 9 'm_axi' <Latency = 6> <II = 1> <Delay = 1.00> <Adapter> <Opcode : 'read' 'write' 'readreq' 'writereq' 'writeresp'>
ST_5 : Operation 32 [5/5] (3.50ns)   --->   "%iic2_addr_resp4 = call i1 @_ssdm_op_WriteResp.m_axi.i32P(i32* %iic2_addr)" [bmesensor.cpp:297]   --->   Core 9 'm_axi' <Latency = 6> <II = 1> <Delay = 1.00> <Adapter> <Opcode : 'read' 'write' 'readreq' 'writereq' 'writeresp'>
ST_5 : Operation 33 [1/1] (3.50ns)   --->   "call void @_ssdm_op_Write.m_axi.volatile.i32P(i32* %iic2_addr, i32 492, i4 -1)" [bmesensor.cpp:300]   --->   Core 9 'm_axi' <Latency = 6> <II = 1> <Delay = 1.00> <Adapter> <Opcode : 'read' 'write' 'readreq' 'writereq' 'writeresp'>
ST_5 : Operation 34 [1/1] (3.50ns)   --->   "%iic2_addr_req7 = call i1 @_ssdm_op_WriteReq.m_axi.i32P(i32* %iic2_addr, i32 1)" [bmesensor.cpp:301]   --->   Core 9 'm_axi' <Latency = 6> <II = 1> <Delay = 1.00> <Adapter> <Opcode : 'read' 'write' 'readreq' 'writereq' 'writeresp'>

 <State 6> : 3.50ns
ST_6 : Operation 35 [2/5] (3.50ns)   --->   "%iic2_addr_resp = call i1 @_ssdm_op_WriteResp.m_axi.i32P(i32* %iic2_addr)" [bmesensor.cpp:295]   --->   Core 9 'm_axi' <Latency = 6> <II = 1> <Delay = 1.00> <Adapter> <Opcode : 'read' 'write' 'readreq' 'writereq' 'writeresp'>
ST_6 : Operation 36 [3/5] (3.50ns)   --->   "%iic2_addr_resp2 = call i1 @_ssdm_op_WriteResp.m_axi.i32P(i32* %iic2_addr)" [bmesensor.cpp:296]   --->   Core 9 'm_axi' <Latency = 6> <II = 1> <Delay = 1.00> <Adapter> <Opcode : 'read' 'write' 'readreq' 'writereq' 'writeresp'>
ST_6 : Operation 37 [4/5] (3.50ns)   --->   "%iic2_addr_resp4 = call i1 @_ssdm_op_WriteResp.m_axi.i32P(i32* %iic2_addr)" [bmesensor.cpp:297]   --->   Core 9 'm_axi' <Latency = 6> <II = 1> <Delay = 1.00> <Adapter> <Opcode : 'read' 'write' 'readreq' 'writereq' 'writeresp'>
ST_6 : Operation 38 [5/5] (3.50ns)   --->   "%iic2_addr_resp6 = call i1 @_ssdm_op_WriteResp.m_axi.i32P(i32* %iic2_addr)" [bmesensor.cpp:300]   --->   Core 9 'm_axi' <Latency = 6> <II = 1> <Delay = 1.00> <Adapter> <Opcode : 'read' 'write' 'readreq' 'writereq' 'writeresp'>
ST_6 : Operation 39 [1/1] (3.50ns)   --->   "call void @_ssdm_op_Write.m_axi.volatile.i32P(i32* %iic2_addr, i32 242, i4 -1)" [bmesensor.cpp:301]   --->   Core 9 'm_axi' <Latency = 6> <II = 1> <Delay = 1.00> <Adapter> <Opcode : 'read' 'write' 'readreq' 'writereq' 'writeresp'>
ST_6 : Operation 40 [1/1] (3.50ns)   --->   "%iic2_addr_req9 = call i1 @_ssdm_op_WriteReq.m_axi.i32P(i32* %iic2_addr, i32 1)" [bmesensor.cpp:302]   --->   Core 9 'm_axi' <Latency = 6> <II = 1> <Delay = 1.00> <Adapter> <Opcode : 'read' 'write' 'readreq' 'writereq' 'writeresp'>

 <State 7> : 3.50ns
ST_7 : Operation 41 [1/5] (3.50ns)   --->   "%iic2_addr_resp = call i1 @_ssdm_op_WriteResp.m_axi.i32P(i32* %iic2_addr)" [bmesensor.cpp:295]   --->   Core 9 'm_axi' <Latency = 6> <II = 1> <Delay = 1.00> <Adapter> <Opcode : 'read' 'write' 'readreq' 'writereq' 'writeresp'>
ST_7 : Operation 42 [2/5] (3.50ns)   --->   "%iic2_addr_resp2 = call i1 @_ssdm_op_WriteResp.m_axi.i32P(i32* %iic2_addr)" [bmesensor.cpp:296]   --->   Core 9 'm_axi' <Latency = 6> <II = 1> <Delay = 1.00> <Adapter> <Opcode : 'read' 'write' 'readreq' 'writereq' 'writeresp'>
ST_7 : Operation 43 [3/5] (3.50ns)   --->   "%iic2_addr_resp4 = call i1 @_ssdm_op_WriteResp.m_axi.i32P(i32* %iic2_addr)" [bmesensor.cpp:297]   --->   Core 9 'm_axi' <Latency = 6> <II = 1> <Delay = 1.00> <Adapter> <Opcode : 'read' 'write' 'readreq' 'writereq' 'writeresp'>
ST_7 : Operation 44 [4/5] (3.50ns)   --->   "%iic2_addr_resp6 = call i1 @_ssdm_op_WriteResp.m_axi.i32P(i32* %iic2_addr)" [bmesensor.cpp:300]   --->   Core 9 'm_axi' <Latency = 6> <II = 1> <Delay = 1.00> <Adapter> <Opcode : 'read' 'write' 'readreq' 'writereq' 'writeresp'>
ST_7 : Operation 45 [5/5] (3.50ns)   --->   "%iic2_addr_resp8 = call i1 @_ssdm_op_WriteResp.m_axi.i32P(i32* %iic2_addr)" [bmesensor.cpp:301]   --->   Core 9 'm_axi' <Latency = 6> <II = 1> <Delay = 1.00> <Adapter> <Opcode : 'read' 'write' 'readreq' 'writereq' 'writeresp'>
ST_7 : Operation 46 [1/1] (3.50ns)   --->   "call void @_ssdm_op_Write.m_axi.volatile.i32P(i32* %iic2_addr, i32 0, i4 -1)" [bmesensor.cpp:302]   --->   Core 9 'm_axi' <Latency = 6> <II = 1> <Delay = 1.00> <Adapter> <Opcode : 'read' 'write' 'readreq' 'writereq' 'writeresp'>
ST_7 : Operation 47 [1/1] (3.50ns)   --->   "%iic2_addr_req11 = call i1 @_ssdm_op_WriteReq.m_axi.i32P(i32* %iic2_addr, i32 1)" [bmesensor.cpp:305]   --->   Core 9 'm_axi' <Latency = 6> <II = 1> <Delay = 1.00> <Adapter> <Opcode : 'read' 'write' 'readreq' 'writereq' 'writeresp'>

 <State 8> : 3.50ns
ST_8 : Operation 48 [1/5] (3.50ns)   --->   "%iic2_addr_resp2 = call i1 @_ssdm_op_WriteResp.m_axi.i32P(i32* %iic2_addr)" [bmesensor.cpp:296]   --->   Core 9 'm_axi' <Latency = 6> <II = 1> <Delay = 1.00> <Adapter> <Opcode : 'read' 'write' 'readreq' 'writereq' 'writeresp'>
ST_8 : Operation 49 [2/5] (3.50ns)   --->   "%iic2_addr_resp4 = call i1 @_ssdm_op_WriteResp.m_axi.i32P(i32* %iic2_addr)" [bmesensor.cpp:297]   --->   Core 9 'm_axi' <Latency = 6> <II = 1> <Delay = 1.00> <Adapter> <Opcode : 'read' 'write' 'readreq' 'writereq' 'writeresp'>
ST_8 : Operation 50 [3/5] (3.50ns)   --->   "%iic2_addr_resp6 = call i1 @_ssdm_op_WriteResp.m_axi.i32P(i32* %iic2_addr)" [bmesensor.cpp:300]   --->   Core 9 'm_axi' <Latency = 6> <II = 1> <Delay = 1.00> <Adapter> <Opcode : 'read' 'write' 'readreq' 'writereq' 'writeresp'>
ST_8 : Operation 51 [4/5] (3.50ns)   --->   "%iic2_addr_resp8 = call i1 @_ssdm_op_WriteResp.m_axi.i32P(i32* %iic2_addr)" [bmesensor.cpp:301]   --->   Core 9 'm_axi' <Latency = 6> <II = 1> <Delay = 1.00> <Adapter> <Opcode : 'read' 'write' 'readreq' 'writereq' 'writeresp'>
ST_8 : Operation 52 [5/5] (3.50ns)   --->   "%iic2_addr_resp10 = call i1 @_ssdm_op_WriteResp.m_axi.i32P(i32* %iic2_addr)" [bmesensor.cpp:302]   --->   Core 9 'm_axi' <Latency = 6> <II = 1> <Delay = 1.00> <Adapter> <Opcode : 'read' 'write' 'readreq' 'writereq' 'writeresp'>
ST_8 : Operation 53 [1/1] (3.50ns)   --->   "call void @_ssdm_op_Write.m_axi.volatile.i32P(i32* %iic2_addr, i32 492, i4 -1)" [bmesensor.cpp:305]   --->   Core 9 'm_axi' <Latency = 6> <II = 1> <Delay = 1.00> <Adapter> <Opcode : 'read' 'write' 'readreq' 'writereq' 'writeresp'>
ST_8 : Operation 54 [1/1] (3.50ns)   --->   "%iic2_addr_req13 = call i1 @_ssdm_op_WriteReq.m_axi.i32P(i32* %iic2_addr, i32 1)" [bmesensor.cpp:306]   --->   Core 9 'm_axi' <Latency = 6> <II = 1> <Delay = 1.00> <Adapter> <Opcode : 'read' 'write' 'readreq' 'writereq' 'writeresp'>

 <State 9> : 3.50ns
ST_9 : Operation 55 [1/5] (3.50ns)   --->   "%iic2_addr_resp4 = call i1 @_ssdm_op_WriteResp.m_axi.i32P(i32* %iic2_addr)" [bmesensor.cpp:297]   --->   Core 9 'm_axi' <Latency = 6> <II = 1> <Delay = 1.00> <Adapter> <Opcode : 'read' 'write' 'readreq' 'writereq' 'writeresp'>
ST_9 : Operation 56 [2/5] (3.50ns)   --->   "%iic2_addr_resp6 = call i1 @_ssdm_op_WriteResp.m_axi.i32P(i32* %iic2_addr)" [bmesensor.cpp:300]   --->   Core 9 'm_axi' <Latency = 6> <II = 1> <Delay = 1.00> <Adapter> <Opcode : 'read' 'write' 'readreq' 'writereq' 'writeresp'>
ST_9 : Operation 57 [3/5] (3.50ns)   --->   "%iic2_addr_resp8 = call i1 @_ssdm_op_WriteResp.m_axi.i32P(i32* %iic2_addr)" [bmesensor.cpp:301]   --->   Core 9 'm_axi' <Latency = 6> <II = 1> <Delay = 1.00> <Adapter> <Opcode : 'read' 'write' 'readreq' 'writereq' 'writeresp'>
ST_9 : Operation 58 [4/5] (3.50ns)   --->   "%iic2_addr_resp10 = call i1 @_ssdm_op_WriteResp.m_axi.i32P(i32* %iic2_addr)" [bmesensor.cpp:302]   --->   Core 9 'm_axi' <Latency = 6> <II = 1> <Delay = 1.00> <Adapter> <Opcode : 'read' 'write' 'readreq' 'writereq' 'writeresp'>
ST_9 : Operation 59 [5/5] (3.50ns)   --->   "%iic2_addr_resp12 = call i1 @_ssdm_op_WriteResp.m_axi.i32P(i32* %iic2_addr)" [bmesensor.cpp:305]   --->   Core 9 'm_axi' <Latency = 6> <II = 1> <Delay = 1.00> <Adapter> <Opcode : 'read' 'write' 'readreq' 'writereq' 'writeresp'>
ST_9 : Operation 60 [1/1] (3.50ns)   --->   "call void @_ssdm_op_Write.m_axi.volatile.i32P(i32* %iic2_addr, i32 244, i4 -1)" [bmesensor.cpp:306]   --->   Core 9 'm_axi' <Latency = 6> <II = 1> <Delay = 1.00> <Adapter> <Opcode : 'read' 'write' 'readreq' 'writereq' 'writeresp'>
ST_9 : Operation 61 [1/1] (3.50ns)   --->   "%iic2_addr_req15 = call i1 @_ssdm_op_WriteReq.m_axi.i32P(i32* %iic2_addr, i32 1)" [bmesensor.cpp:307]   --->   Core 9 'm_axi' <Latency = 6> <II = 1> <Delay = 1.00> <Adapter> <Opcode : 'read' 'write' 'readreq' 'writereq' 'writeresp'>

 <State 10> : 3.50ns
ST_10 : Operation 62 [1/5] (3.50ns)   --->   "%iic2_addr_resp6 = call i1 @_ssdm_op_WriteResp.m_axi.i32P(i32* %iic2_addr)" [bmesensor.cpp:300]   --->   Core 9 'm_axi' <Latency = 6> <II = 1> <Delay = 1.00> <Adapter> <Opcode : 'read' 'write' 'readreq' 'writereq' 'writeresp'>
ST_10 : Operation 63 [2/5] (3.50ns)   --->   "%iic2_addr_resp8 = call i1 @_ssdm_op_WriteResp.m_axi.i32P(i32* %iic2_addr)" [bmesensor.cpp:301]   --->   Core 9 'm_axi' <Latency = 6> <II = 1> <Delay = 1.00> <Adapter> <Opcode : 'read' 'write' 'readreq' 'writereq' 'writeresp'>
ST_10 : Operation 64 [3/5] (3.50ns)   --->   "%iic2_addr_resp10 = call i1 @_ssdm_op_WriteResp.m_axi.i32P(i32* %iic2_addr)" [bmesensor.cpp:302]   --->   Core 9 'm_axi' <Latency = 6> <II = 1> <Delay = 1.00> <Adapter> <Opcode : 'read' 'write' 'readreq' 'writereq' 'writeresp'>
ST_10 : Operation 65 [4/5] (3.50ns)   --->   "%iic2_addr_resp12 = call i1 @_ssdm_op_WriteResp.m_axi.i32P(i32* %iic2_addr)" [bmesensor.cpp:305]   --->   Core 9 'm_axi' <Latency = 6> <II = 1> <Delay = 1.00> <Adapter> <Opcode : 'read' 'write' 'readreq' 'writereq' 'writeresp'>
ST_10 : Operation 66 [5/5] (3.50ns)   --->   "%iic2_addr_resp14 = call i1 @_ssdm_op_WriteResp.m_axi.i32P(i32* %iic2_addr)" [bmesensor.cpp:306]   --->   Core 9 'm_axi' <Latency = 6> <II = 1> <Delay = 1.00> <Adapter> <Opcode : 'read' 'write' 'readreq' 'writereq' 'writeresp'>
ST_10 : Operation 67 [1/1] (3.50ns)   --->   "call void @_ssdm_op_Write.m_axi.volatile.i32P(i32* %iic2_addr, i32 23, i4 -1)" [bmesensor.cpp:307]   --->   Core 9 'm_axi' <Latency = 6> <II = 1> <Delay = 1.00> <Adapter> <Opcode : 'read' 'write' 'readreq' 'writereq' 'writeresp'>
ST_10 : Operation 68 [1/1] (3.50ns)   --->   "%iic2_addr_req17 = call i1 @_ssdm_op_WriteReq.m_axi.i32P(i32* %iic2_addr, i32 1)" [bmesensor.cpp:310]   --->   Core 9 'm_axi' <Latency = 6> <II = 1> <Delay = 1.00> <Adapter> <Opcode : 'read' 'write' 'readreq' 'writereq' 'writeresp'>

 <State 11> : 3.50ns
ST_11 : Operation 69 [1/5] (3.50ns)   --->   "%iic2_addr_resp8 = call i1 @_ssdm_op_WriteResp.m_axi.i32P(i32* %iic2_addr)" [bmesensor.cpp:301]   --->   Core 9 'm_axi' <Latency = 6> <II = 1> <Delay = 1.00> <Adapter> <Opcode : 'read' 'write' 'readreq' 'writereq' 'writeresp'>
ST_11 : Operation 70 [2/5] (3.50ns)   --->   "%iic2_addr_resp10 = call i1 @_ssdm_op_WriteResp.m_axi.i32P(i32* %iic2_addr)" [bmesensor.cpp:302]   --->   Core 9 'm_axi' <Latency = 6> <II = 1> <Delay = 1.00> <Adapter> <Opcode : 'read' 'write' 'readreq' 'writereq' 'writeresp'>
ST_11 : Operation 71 [3/5] (3.50ns)   --->   "%iic2_addr_resp12 = call i1 @_ssdm_op_WriteResp.m_axi.i32P(i32* %iic2_addr)" [bmesensor.cpp:305]   --->   Core 9 'm_axi' <Latency = 6> <II = 1> <Delay = 1.00> <Adapter> <Opcode : 'read' 'write' 'readreq' 'writereq' 'writeresp'>
ST_11 : Operation 72 [4/5] (3.50ns)   --->   "%iic2_addr_resp14 = call i1 @_ssdm_op_WriteResp.m_axi.i32P(i32* %iic2_addr)" [bmesensor.cpp:306]   --->   Core 9 'm_axi' <Latency = 6> <II = 1> <Delay = 1.00> <Adapter> <Opcode : 'read' 'write' 'readreq' 'writereq' 'writeresp'>
ST_11 : Operation 73 [5/5] (3.50ns)   --->   "%iic2_addr_resp16 = call i1 @_ssdm_op_WriteResp.m_axi.i32P(i32* %iic2_addr)" [bmesensor.cpp:307]   --->   Core 9 'm_axi' <Latency = 6> <II = 1> <Delay = 1.00> <Adapter> <Opcode : 'read' 'write' 'readreq' 'writereq' 'writeresp'>
ST_11 : Operation 74 [1/1] (3.50ns)   --->   "call void @_ssdm_op_Write.m_axi.volatile.i32P(i32* %iic2_addr, i32 492, i4 -1)" [bmesensor.cpp:310]   --->   Core 9 'm_axi' <Latency = 6> <II = 1> <Delay = 1.00> <Adapter> <Opcode : 'read' 'write' 'readreq' 'writereq' 'writeresp'>
ST_11 : Operation 75 [1/1] (3.50ns)   --->   "%iic2_addr_req19 = call i1 @_ssdm_op_WriteReq.m_axi.i32P(i32* %iic2_addr, i32 1)" [bmesensor.cpp:311]   --->   Core 9 'm_axi' <Latency = 6> <II = 1> <Delay = 1.00> <Adapter> <Opcode : 'read' 'write' 'readreq' 'writereq' 'writeresp'>

 <State 12> : 3.50ns
ST_12 : Operation 76 [1/5] (3.50ns)   --->   "%iic2_addr_resp10 = call i1 @_ssdm_op_WriteResp.m_axi.i32P(i32* %iic2_addr)" [bmesensor.cpp:302]   --->   Core 9 'm_axi' <Latency = 6> <II = 1> <Delay = 1.00> <Adapter> <Opcode : 'read' 'write' 'readreq' 'writereq' 'writeresp'>
ST_12 : Operation 77 [2/5] (3.50ns)   --->   "%iic2_addr_resp12 = call i1 @_ssdm_op_WriteResp.m_axi.i32P(i32* %iic2_addr)" [bmesensor.cpp:305]   --->   Core 9 'm_axi' <Latency = 6> <II = 1> <Delay = 1.00> <Adapter> <Opcode : 'read' 'write' 'readreq' 'writereq' 'writeresp'>
ST_12 : Operation 78 [3/5] (3.50ns)   --->   "%iic2_addr_resp14 = call i1 @_ssdm_op_WriteResp.m_axi.i32P(i32* %iic2_addr)" [bmesensor.cpp:306]   --->   Core 9 'm_axi' <Latency = 6> <II = 1> <Delay = 1.00> <Adapter> <Opcode : 'read' 'write' 'readreq' 'writereq' 'writeresp'>
ST_12 : Operation 79 [4/5] (3.50ns)   --->   "%iic2_addr_resp16 = call i1 @_ssdm_op_WriteResp.m_axi.i32P(i32* %iic2_addr)" [bmesensor.cpp:307]   --->   Core 9 'm_axi' <Latency = 6> <II = 1> <Delay = 1.00> <Adapter> <Opcode : 'read' 'write' 'readreq' 'writereq' 'writeresp'>
ST_12 : Operation 80 [5/5] (3.50ns)   --->   "%iic2_addr_resp18 = call i1 @_ssdm_op_WriteResp.m_axi.i32P(i32* %iic2_addr)" [bmesensor.cpp:310]   --->   Core 9 'm_axi' <Latency = 6> <II = 1> <Delay = 1.00> <Adapter> <Opcode : 'read' 'write' 'readreq' 'writereq' 'writeresp'>
ST_12 : Operation 81 [1/1] (3.50ns)   --->   "call void @_ssdm_op_Write.m_axi.volatile.i32P(i32* %iic2_addr, i32 245, i4 -1)" [bmesensor.cpp:311]   --->   Core 9 'm_axi' <Latency = 6> <II = 1> <Delay = 1.00> <Adapter> <Opcode : 'read' 'write' 'readreq' 'writereq' 'writeresp'>
ST_12 : Operation 82 [1/1] (3.50ns)   --->   "%iic2_addr_req21 = call i1 @_ssdm_op_WriteReq.m_axi.i32P(i32* %iic2_addr, i32 1)" [bmesensor.cpp:312]   --->   Core 9 'm_axi' <Latency = 6> <II = 1> <Delay = 1.00> <Adapter> <Opcode : 'read' 'write' 'readreq' 'writereq' 'writeresp'>

 <State 13> : 3.50ns
ST_13 : Operation 83 [1/5] (3.50ns)   --->   "%iic2_addr_resp12 = call i1 @_ssdm_op_WriteResp.m_axi.i32P(i32* %iic2_addr)" [bmesensor.cpp:305]   --->   Core 9 'm_axi' <Latency = 6> <II = 1> <Delay = 1.00> <Adapter> <Opcode : 'read' 'write' 'readreq' 'writereq' 'writeresp'>
ST_13 : Operation 84 [2/5] (3.50ns)   --->   "%iic2_addr_resp14 = call i1 @_ssdm_op_WriteResp.m_axi.i32P(i32* %iic2_addr)" [bmesensor.cpp:306]   --->   Core 9 'm_axi' <Latency = 6> <II = 1> <Delay = 1.00> <Adapter> <Opcode : 'read' 'write' 'readreq' 'writereq' 'writeresp'>
ST_13 : Operation 85 [3/5] (3.50ns)   --->   "%iic2_addr_resp16 = call i1 @_ssdm_op_WriteResp.m_axi.i32P(i32* %iic2_addr)" [bmesensor.cpp:307]   --->   Core 9 'm_axi' <Latency = 6> <II = 1> <Delay = 1.00> <Adapter> <Opcode : 'read' 'write' 'readreq' 'writereq' 'writeresp'>
ST_13 : Operation 86 [4/5] (3.50ns)   --->   "%iic2_addr_resp18 = call i1 @_ssdm_op_WriteResp.m_axi.i32P(i32* %iic2_addr)" [bmesensor.cpp:310]   --->   Core 9 'm_axi' <Latency = 6> <II = 1> <Delay = 1.00> <Adapter> <Opcode : 'read' 'write' 'readreq' 'writereq' 'writeresp'>
ST_13 : Operation 87 [5/5] (3.50ns)   --->   "%iic2_addr_resp20 = call i1 @_ssdm_op_WriteResp.m_axi.i32P(i32* %iic2_addr)" [bmesensor.cpp:311]   --->   Core 9 'm_axi' <Latency = 6> <II = 1> <Delay = 1.00> <Adapter> <Opcode : 'read' 'write' 'readreq' 'writereq' 'writeresp'>
ST_13 : Operation 88 [1/1] (3.50ns)   --->   "call void @_ssdm_op_Write.m_axi.volatile.i32P(i32* %iic2_addr, i32 36, i4 -1)" [bmesensor.cpp:312]   --->   Core 9 'm_axi' <Latency = 6> <II = 1> <Delay = 1.00> <Adapter> <Opcode : 'read' 'write' 'readreq' 'writereq' 'writeresp'>

 <State 14> : 3.50ns
ST_14 : Operation 89 [1/5] (3.50ns)   --->   "%iic2_addr_resp14 = call i1 @_ssdm_op_WriteResp.m_axi.i32P(i32* %iic2_addr)" [bmesensor.cpp:306]   --->   Core 9 'm_axi' <Latency = 6> <II = 1> <Delay = 1.00> <Adapter> <Opcode : 'read' 'write' 'readreq' 'writereq' 'writeresp'>
ST_14 : Operation 90 [2/5] (3.50ns)   --->   "%iic2_addr_resp16 = call i1 @_ssdm_op_WriteResp.m_axi.i32P(i32* %iic2_addr)" [bmesensor.cpp:307]   --->   Core 9 'm_axi' <Latency = 6> <II = 1> <Delay = 1.00> <Adapter> <Opcode : 'read' 'write' 'readreq' 'writereq' 'writeresp'>
ST_14 : Operation 91 [3/5] (3.50ns)   --->   "%iic2_addr_resp18 = call i1 @_ssdm_op_WriteResp.m_axi.i32P(i32* %iic2_addr)" [bmesensor.cpp:310]   --->   Core 9 'm_axi' <Latency = 6> <II = 1> <Delay = 1.00> <Adapter> <Opcode : 'read' 'write' 'readreq' 'writereq' 'writeresp'>
ST_14 : Operation 92 [4/5] (3.50ns)   --->   "%iic2_addr_resp20 = call i1 @_ssdm_op_WriteResp.m_axi.i32P(i32* %iic2_addr)" [bmesensor.cpp:311]   --->   Core 9 'm_axi' <Latency = 6> <II = 1> <Delay = 1.00> <Adapter> <Opcode : 'read' 'write' 'readreq' 'writereq' 'writeresp'>
ST_14 : Operation 93 [5/5] (3.50ns)   --->   "%iic2_addr_resp22 = call i1 @_ssdm_op_WriteResp.m_axi.i32P(i32* %iic2_addr)" [bmesensor.cpp:312]   --->   Core 9 'm_axi' <Latency = 6> <II = 1> <Delay = 1.00> <Adapter> <Opcode : 'read' 'write' 'readreq' 'writereq' 'writeresp'>

 <State 15> : 3.50ns
ST_15 : Operation 94 [1/5] (3.50ns)   --->   "%iic2_addr_resp16 = call i1 @_ssdm_op_WriteResp.m_axi.i32P(i32* %iic2_addr)" [bmesensor.cpp:307]   --->   Core 9 'm_axi' <Latency = 6> <II = 1> <Delay = 1.00> <Adapter> <Opcode : 'read' 'write' 'readreq' 'writereq' 'writeresp'>
ST_15 : Operation 95 [2/5] (3.50ns)   --->   "%iic2_addr_resp18 = call i1 @_ssdm_op_WriteResp.m_axi.i32P(i32* %iic2_addr)" [bmesensor.cpp:310]   --->   Core 9 'm_axi' <Latency = 6> <II = 1> <Delay = 1.00> <Adapter> <Opcode : 'read' 'write' 'readreq' 'writereq' 'writeresp'>
ST_15 : Operation 96 [3/5] (3.50ns)   --->   "%iic2_addr_resp20 = call i1 @_ssdm_op_WriteResp.m_axi.i32P(i32* %iic2_addr)" [bmesensor.cpp:311]   --->   Core 9 'm_axi' <Latency = 6> <II = 1> <Delay = 1.00> <Adapter> <Opcode : 'read' 'write' 'readreq' 'writereq' 'writeresp'>
ST_15 : Operation 97 [4/5] (3.50ns)   --->   "%iic2_addr_resp22 = call i1 @_ssdm_op_WriteResp.m_axi.i32P(i32* %iic2_addr)" [bmesensor.cpp:312]   --->   Core 9 'm_axi' <Latency = 6> <II = 1> <Delay = 1.00> <Adapter> <Opcode : 'read' 'write' 'readreq' 'writereq' 'writeresp'>

 <State 16> : 3.50ns
ST_16 : Operation 98 [1/5] (3.50ns)   --->   "%iic2_addr_resp18 = call i1 @_ssdm_op_WriteResp.m_axi.i32P(i32* %iic2_addr)" [bmesensor.cpp:310]   --->   Core 9 'm_axi' <Latency = 6> <II = 1> <Delay = 1.00> <Adapter> <Opcode : 'read' 'write' 'readreq' 'writereq' 'writeresp'>
ST_16 : Operation 99 [2/5] (3.50ns)   --->   "%iic2_addr_resp20 = call i1 @_ssdm_op_WriteResp.m_axi.i32P(i32* %iic2_addr)" [bmesensor.cpp:311]   --->   Core 9 'm_axi' <Latency = 6> <II = 1> <Delay = 1.00> <Adapter> <Opcode : 'read' 'write' 'readreq' 'writereq' 'writeresp'>
ST_16 : Operation 100 [3/5] (3.50ns)   --->   "%iic2_addr_resp22 = call i1 @_ssdm_op_WriteResp.m_axi.i32P(i32* %iic2_addr)" [bmesensor.cpp:312]   --->   Core 9 'm_axi' <Latency = 6> <II = 1> <Delay = 1.00> <Adapter> <Opcode : 'read' 'write' 'readreq' 'writereq' 'writeresp'>

 <State 17> : 3.50ns
ST_17 : Operation 101 [1/5] (3.50ns)   --->   "%iic2_addr_resp20 = call i1 @_ssdm_op_WriteResp.m_axi.i32P(i32* %iic2_addr)" [bmesensor.cpp:311]   --->   Core 9 'm_axi' <Latency = 6> <II = 1> <Delay = 1.00> <Adapter> <Opcode : 'read' 'write' 'readreq' 'writereq' 'writeresp'>
ST_17 : Operation 102 [2/5] (3.50ns)   --->   "%iic2_addr_resp22 = call i1 @_ssdm_op_WriteResp.m_axi.i32P(i32* %iic2_addr)" [bmesensor.cpp:312]   --->   Core 9 'm_axi' <Latency = 6> <II = 1> <Delay = 1.00> <Adapter> <Opcode : 'read' 'write' 'readreq' 'writereq' 'writeresp'>

 <State 18> : 3.50ns
ST_18 : Operation 103 [1/1] (0.00ns)   --->   "call void (...)* @_ssdm_op_SpecInterface(i32* %iic2, [6 x i8]* @p_str2, i32 0, i32 0, [1 x i8]* @p_str1, i32 0, i32 0, [1 x i8]* @p_str1, [1 x i8]* @p_str1, [1 x i8]* @p_str1, i32 16, i32 16, i32 16, i32 16, [1 x i8]* @p_str1, [1 x i8]* @p_str1)"
ST_18 : Operation 104 [1/5] (3.50ns)   --->   "%iic2_addr_resp22 = call i1 @_ssdm_op_WriteResp.m_axi.i32P(i32* %iic2_addr)" [bmesensor.cpp:312]   --->   Core 9 'm_axi' <Latency = 6> <II = 1> <Delay = 1.00> <Adapter> <Opcode : 'read' 'write' 'readreq' 'writereq' 'writeresp'>
ST_18 : Operation 105 [1/1] (0.00ns)   --->   "ret void" [bmesensor.cpp:313]


============================================================
+ Verbose Summary: Timing violations
============================================================
Target clock period: 4ns, clock uncertainty: 0.5ns.

 <State 1>: 3.5ns
The critical path consists of the following:
	'getelementptr' operation ('iic2_addr') [3]  (0 ns)
	bus request on port 'iic2' (bmesensor.cpp:295) [4]  (3.5 ns)

 <State 2>: 3.5ns
The critical path consists of the following:
	bus write on port 'iic2' (bmesensor.cpp:295) [5]  (3.5 ns)

 <State 3>: 3.5ns
The critical path consists of the following:
	bus access on port 'iic2' (bmesensor.cpp:295) [6]  (3.5 ns)

 <State 4>: 3.5ns
The critical path consists of the following:
	bus access on port 'iic2' (bmesensor.cpp:295) [6]  (3.5 ns)

 <State 5>: 3.5ns
The critical path consists of the following:
	bus access on port 'iic2' (bmesensor.cpp:295) [6]  (3.5 ns)

 <State 6>: 3.5ns
The critical path consists of the following:
	bus access on port 'iic2' (bmesensor.cpp:295) [6]  (3.5 ns)

 <State 7>: 3.5ns
The critical path consists of the following:
	bus access on port 'iic2' (bmesensor.cpp:295) [6]  (3.5 ns)

 <State 8>: 3.5ns
The critical path consists of the following:
	bus access on port 'iic2' (bmesensor.cpp:296) [9]  (3.5 ns)

 <State 9>: 3.5ns
The critical path consists of the following:
	bus access on port 'iic2' (bmesensor.cpp:297) [12]  (3.5 ns)

 <State 10>: 3.5ns
The critical path consists of the following:
	bus access on port 'iic2' (bmesensor.cpp:300) [15]  (3.5 ns)

 <State 11>: 3.5ns
The critical path consists of the following:
	bus access on port 'iic2' (bmesensor.cpp:301) [18]  (3.5 ns)

 <State 12>: 3.5ns
The critical path consists of the following:
	bus access on port 'iic2' (bmesensor.cpp:302) [21]  (3.5 ns)

 <State 13>: 3.5ns
The critical path consists of the following:
	bus access on port 'iic2' (bmesensor.cpp:305) [24]  (3.5 ns)

 <State 14>: 3.5ns
The critical path consists of the following:
	bus access on port 'iic2' (bmesensor.cpp:306) [27]  (3.5 ns)

 <State 15>: 3.5ns
The critical path consists of the following:
	bus access on port 'iic2' (bmesensor.cpp:307) [30]  (3.5 ns)

 <State 16>: 3.5ns
The critical path consists of the following:
	bus access on port 'iic2' (bmesensor.cpp:310) [33]  (3.5 ns)

 <State 17>: 3.5ns
The critical path consists of the following:
	bus access on port 'iic2' (bmesensor.cpp:311) [36]  (3.5 ns)

 <State 18>: 3.5ns
The critical path consists of the following:
	bus access on port 'iic2' (bmesensor.cpp:312) [39]  (3.5 ns)


============================================================
+ Verbose Summary: Binding
============================================================
N/A
* FSMD analyzer results:
  - Output states:
 - Input state : 
  - Chain level:
	State 1
	State 2
	State 3
	State 4
	State 5
	State 6
	State 7
	State 8
	State 9
	State 10
	State 11
	State 12
	State 13
	State 14
	State 15
	State 16
	State 17
	State 18


============================================================
+ Verbose Summary: Datapath Resource usage 
============================================================
N/A
