

================================================================
== Vivado HLS Report for 'iiccomm'
================================================================
* Date:           Mon Aug  6 10:45:49 2018

* Version:        2017.4 (Build 2086221 on Fri Dec 15 21:13:33 MST 2017)
* Project:        iiccomm
* Solution:       iiccomm
* Product family: zynq
* Target device:  xc7z020clg400-1


================================================================
== Performance Estimates
================================================================
+ Timing (ns): 
    * Summary: 
    +--------+-------+----------+------------+
    |  Clock | Target| Estimated| Uncertainty|
    +--------+-------+----------+------------+
    |ap_clk  |   4.00|      3.50|        0.50|
    +--------+-------+----------+------------+

+ Latency (clock cycles): 
    * Summary: 
    +-----+-----+-----+-----+---------+
    |  Latency  |  Interval | Pipeline|
    | min | max | min | max |   Type  |
    +-----+-----+-----+-----+---------+
    |    9|    9|    9|    9|   none  |
    +-----+-----+-----+-----+---------+

    + Detail: 
        * Instance: 
        N/A

        * Loop: 
        N/A

============================================================
+ Verbose Summary: Synthesis Manager
============================================================
InlineROM: 1
ExposeGlobal: 0
============================================================
+ Verbose Summary: CDFG Model
============================================================
IsTopModel: 1
ResetActiveHigh: 1
IsCombinational: 0
IsDatapathOnly: 0
HasWiredReturn: 1
HasMFsm: 0
HasVarLatency: 1
IsPipeline: 0
IsRtlPipelined: 0
IsInstanceOverlapped: 0
IsDontTouch: 0
HasImplIP: 0
IsGatedGlobalClock: 0


============================================================
+ Verbose Summary: Schedule
============================================================
* Number of FSM states : 10
* Pipeline : 0
* Dataflow Pipeline: 0

* FSM state transitions: 
1 --> 
	2  / true
2 --> 
	3  / true
3 --> 
	4  / true
4 --> 
	5  / true
5 --> 
	6  / true
6 --> 
	7  / true
7 --> 
	8  / true
8 --> 
	9  / true
9 --> 
	10  / true
10 --> 

* FSM state operations: 

 <State 1> : 3.50ns
ST_1 : Operation 11 [1/1] (0.00ns)   --->   "%iic_addr = getelementptr i32* %iic, i64 268436545"
ST_1 : Operation 12 [7/7] (3.50ns)   --->   "%iic_load_req = call i1 @_ssdm_op_ReadReq.m_axi.i32P(i32* %iic_addr, i32 1)" [iiccomm.cpp:56]   --->   Core 9 'm_axi' <Latency = 6> <II = 1> <Delay = 1.00> <Adapter> <Opcode : 'read' 'write' 'readreq' 'writereq' 'writeresp'>

 <State 2> : 3.50ns
ST_2 : Operation 13 [6/7] (3.50ns)   --->   "%iic_load_req = call i1 @_ssdm_op_ReadReq.m_axi.i32P(i32* %iic_addr, i32 1)" [iiccomm.cpp:56]   --->   Core 9 'm_axi' <Latency = 6> <II = 1> <Delay = 1.00> <Adapter> <Opcode : 'read' 'write' 'readreq' 'writereq' 'writeresp'>
ST_2 : Operation 14 [1/1] (0.00ns)   --->   "%iic_addr_1 = getelementptr i32* %iic, i64 268436488"
ST_2 : Operation 15 [7/7] (3.50ns)   --->   "%iic_load_1_req = call i1 @_ssdm_op_ReadReq.m_axi.i32P(i32* %iic_addr_1, i32 1)" [iiccomm.cpp:61]   --->   Core 9 'm_axi' <Latency = 6> <II = 1> <Delay = 1.00> <Adapter> <Opcode : 'read' 'write' 'readreq' 'writereq' 'writeresp'>

 <State 3> : 3.50ns
ST_3 : Operation 16 [5/7] (3.50ns)   --->   "%iic_load_req = call i1 @_ssdm_op_ReadReq.m_axi.i32P(i32* %iic_addr, i32 1)" [iiccomm.cpp:56]   --->   Core 9 'm_axi' <Latency = 6> <II = 1> <Delay = 1.00> <Adapter> <Opcode : 'read' 'write' 'readreq' 'writereq' 'writeresp'>
ST_3 : Operation 17 [6/7] (3.50ns)   --->   "%iic_load_1_req = call i1 @_ssdm_op_ReadReq.m_axi.i32P(i32* %iic_addr_1, i32 1)" [iiccomm.cpp:61]   --->   Core 9 'm_axi' <Latency = 6> <II = 1> <Delay = 1.00> <Adapter> <Opcode : 'read' 'write' 'readreq' 'writereq' 'writeresp'>

 <State 4> : 3.50ns
ST_4 : Operation 18 [4/7] (3.50ns)   --->   "%iic_load_req = call i1 @_ssdm_op_ReadReq.m_axi.i32P(i32* %iic_addr, i32 1)" [iiccomm.cpp:56]   --->   Core 9 'm_axi' <Latency = 6> <II = 1> <Delay = 1.00> <Adapter> <Opcode : 'read' 'write' 'readreq' 'writereq' 'writeresp'>
ST_4 : Operation 19 [5/7] (3.50ns)   --->   "%iic_load_1_req = call i1 @_ssdm_op_ReadReq.m_axi.i32P(i32* %iic_addr_1, i32 1)" [iiccomm.cpp:61]   --->   Core 9 'm_axi' <Latency = 6> <II = 1> <Delay = 1.00> <Adapter> <Opcode : 'read' 'write' 'readreq' 'writereq' 'writeresp'>

 <State 5> : 3.50ns
ST_5 : Operation 20 [3/7] (3.50ns)   --->   "%iic_load_req = call i1 @_ssdm_op_ReadReq.m_axi.i32P(i32* %iic_addr, i32 1)" [iiccomm.cpp:56]   --->   Core 9 'm_axi' <Latency = 6> <II = 1> <Delay = 1.00> <Adapter> <Opcode : 'read' 'write' 'readreq' 'writereq' 'writeresp'>
ST_5 : Operation 21 [4/7] (3.50ns)   --->   "%iic_load_1_req = call i1 @_ssdm_op_ReadReq.m_axi.i32P(i32* %iic_addr_1, i32 1)" [iiccomm.cpp:61]   --->   Core 9 'm_axi' <Latency = 6> <II = 1> <Delay = 1.00> <Adapter> <Opcode : 'read' 'write' 'readreq' 'writereq' 'writeresp'>

 <State 6> : 3.50ns
ST_6 : Operation 22 [2/7] (3.50ns)   --->   "%iic_load_req = call i1 @_ssdm_op_ReadReq.m_axi.i32P(i32* %iic_addr, i32 1)" [iiccomm.cpp:56]   --->   Core 9 'm_axi' <Latency = 6> <II = 1> <Delay = 1.00> <Adapter> <Opcode : 'read' 'write' 'readreq' 'writereq' 'writeresp'>
ST_6 : Operation 23 [3/7] (3.50ns)   --->   "%iic_load_1_req = call i1 @_ssdm_op_ReadReq.m_axi.i32P(i32* %iic_addr_1, i32 1)" [iiccomm.cpp:61]   --->   Core 9 'm_axi' <Latency = 6> <II = 1> <Delay = 1.00> <Adapter> <Opcode : 'read' 'write' 'readreq' 'writereq' 'writeresp'>

 <State 7> : 3.50ns
ST_7 : Operation 24 [1/7] (3.50ns)   --->   "%iic_load_req = call i1 @_ssdm_op_ReadReq.m_axi.i32P(i32* %iic_addr, i32 1)" [iiccomm.cpp:56]   --->   Core 9 'm_axi' <Latency = 6> <II = 1> <Delay = 1.00> <Adapter> <Opcode : 'read' 'write' 'readreq' 'writereq' 'writeresp'>
ST_7 : Operation 25 [2/7] (3.50ns)   --->   "%iic_load_1_req = call i1 @_ssdm_op_ReadReq.m_axi.i32P(i32* %iic_addr_1, i32 1)" [iiccomm.cpp:61]   --->   Core 9 'm_axi' <Latency = 6> <II = 1> <Delay = 1.00> <Adapter> <Opcode : 'read' 'write' 'readreq' 'writereq' 'writeresp'>

 <State 8> : 3.50ns
ST_8 : Operation 26 [1/1] (1.00ns)   --->   "%outValue1_load = call i32 @_ssdm_op_Read.s_axilite.volatile.i32P(i32* %outValue1)" [iiccomm.cpp:50]   --->   Core 10 's_axilite' <Latency = 0> <II = 1> <Delay = 1.00> <Adapter> <Opcode : 'read' 'write'>
ST_8 : Operation 27 [1/1] (1.00ns)   --->   "%outValue2_load = call i32 @_ssdm_op_Read.s_axilite.volatile.i32P(i32* %outValue2)" [iiccomm.cpp:51]   --->   Core 10 's_axilite' <Latency = 0> <II = 1> <Delay = 1.00> <Adapter> <Opcode : 'read' 'write'>
ST_8 : Operation 28 [1/1] (3.50ns)   --->   "%iic_addr_read = call i32 @_ssdm_op_Read.m_axi.volatile.i32P(i32* %iic_addr)" [iiccomm.cpp:56]   --->   Core 9 'm_axi' <Latency = 6> <II = 1> <Delay = 1.00> <Adapter> <Opcode : 'read' 'write' 'readreq' 'writereq' 'writeresp'>
ST_8 : Operation 29 [1/7] (3.50ns)   --->   "%iic_load_1_req = call i1 @_ssdm_op_ReadReq.m_axi.i32P(i32* %iic_addr_1, i32 1)" [iiccomm.cpp:61]   --->   Core 9 'm_axi' <Latency = 6> <II = 1> <Delay = 1.00> <Adapter> <Opcode : 'read' 'write' 'readreq' 'writereq' 'writeresp'>

 <State 9> : 3.50ns
ST_9 : Operation 30 [1/1] (3.50ns)   --->   "%iic_addr_1_read = call i32 @_ssdm_op_Read.m_axi.volatile.i32P(i32* %iic_addr_1)" [iiccomm.cpp:61]   --->   Core 9 'm_axi' <Latency = 6> <II = 1> <Delay = 1.00> <Adapter> <Opcode : 'read' 'write' 'readreq' 'writereq' 'writeresp'>

 <State 10> : 1.00ns
ST_10 : Operation 31 [1/1] (0.00ns)   --->   "call void (...)* @_ssdm_op_SpecBitsMap(i32* %iic), !map !20"
ST_10 : Operation 32 [1/1] (0.00ns)   --->   "call void (...)* @_ssdm_op_SpecBitsMap(i32* %outValue1) nounwind, !map !26"
ST_10 : Operation 33 [1/1] (0.00ns)   --->   "call void (...)* @_ssdm_op_SpecBitsMap(i32* %outValue2) nounwind, !map !30"
ST_10 : Operation 34 [1/1] (0.00ns)   --->   "call void (...)* @_ssdm_op_SpecTopModule([8 x i8]* @iiccomm_str) nounwind"
ST_10 : Operation 35 [1/1] (0.00ns)   --->   "call void (...)* @_ssdm_op_SpecInterface(i32 0, [10 x i8]* @p_str, i32 0, i32 0, [1 x i8]* @p_str1, i32 0, i32 0, [1 x i8]* @p_str1, [1 x i8]* @p_str1, [1 x i8]* @p_str1, i32 0, i32 0, i32 0, i32 0, [1 x i8]* @p_str1, [1 x i8]* @p_str1) nounwind" [iiccomm.cpp:46]
ST_10 : Operation 36 [1/1] (0.00ns)   --->   "call void (...)* @_ssdm_op_SpecInterface(i32* %iic, [6 x i8]* @p_str2, i32 0, i32 0, [1 x i8]* @p_str1, i32 0, i32 0, [1 x i8]* @p_str1, [1 x i8]* @p_str1, [1 x i8]* @p_str1, i32 16, i32 16, i32 16, i32 16, [1 x i8]* @p_str1, [1 x i8]* @p_str1)"
ST_10 : Operation 37 [1/1] (0.00ns)   --->   "call void (...)* @_ssdm_op_SpecInterface(i32* %outValue1, [10 x i8]* @p_str, i32 0, i32 0, [1 x i8]* @p_str1, i32 0, i32 0, [1 x i8]* @p_str1, [1 x i8]* @p_str1, [1 x i8]* @p_str1, i32 0, i32 0, i32 0, i32 0, [1 x i8]* @p_str1, [1 x i8]* @p_str1) nounwind" [iiccomm.cpp:50]
ST_10 : Operation 38 [1/1] (0.00ns)   --->   "call void (...)* @_ssdm_op_SpecInterface(i32* %outValue2, [10 x i8]* @p_str, i32 0, i32 0, [1 x i8]* @p_str1, i32 0, i32 0, [1 x i8]* @p_str1, [1 x i8]* @p_str1, [1 x i8]* @p_str1, i32 0, i32 0, i32 0, i32 0, [1 x i8]* @p_str1, [1 x i8]* @p_str1) nounwind" [iiccomm.cpp:51]
ST_10 : Operation 39 [1/1] (1.00ns)   --->   "call void @_ssdm_op_Write.s_axilite.volatile.i32P(i32* %outValue1, i32 %iic_addr_read)" [iiccomm.cpp:57]   --->   Core 10 's_axilite' <Latency = 0> <II = 1> <Delay = 1.00> <Adapter> <Opcode : 'read' 'write'>
ST_10 : Operation 40 [1/1] (1.00ns)   --->   "call void @_ssdm_op_Write.s_axilite.volatile.i32P(i32* %outValue2, i32 %iic_addr_1_read)" [iiccomm.cpp:62]   --->   Core 10 's_axilite' <Latency = 0> <II = 1> <Delay = 1.00> <Adapter> <Opcode : 'read' 'write'>
ST_10 : Operation 41 [1/1] (0.00ns)   --->   "ret void" [iiccomm.cpp:64]


============================================================
+ Verbose Summary: Timing violations
============================================================
Target clock period: 4ns, clock uncertainty: 0.5ns.

 <State 1>: 3.5ns
The critical path consists of the following:
	'getelementptr' operation ('iic_addr') [14]  (0 ns)
	bus request on port 'iic' (iiccomm.cpp:56) [15]  (3.5 ns)

 <State 2>: 3.5ns
The critical path consists of the following:
	bus request on port 'iic' (iiccomm.cpp:56) [15]  (3.5 ns)

 <State 3>: 3.5ns
The critical path consists of the following:
	bus request on port 'iic' (iiccomm.cpp:56) [15]  (3.5 ns)

 <State 4>: 3.5ns
The critical path consists of the following:
	bus request on port 'iic' (iiccomm.cpp:56) [15]  (3.5 ns)

 <State 5>: 3.5ns
The critical path consists of the following:
	bus request on port 'iic' (iiccomm.cpp:56) [15]  (3.5 ns)

 <State 6>: 3.5ns
The critical path consists of the following:
	bus request on port 'iic' (iiccomm.cpp:56) [15]  (3.5 ns)

 <State 7>: 3.5ns
The critical path consists of the following:
	bus request on port 'iic' (iiccomm.cpp:56) [15]  (3.5 ns)

 <State 8>: 3.5ns
The critical path consists of the following:
	bus read on port 'iic' (iiccomm.cpp:56) [16]  (3.5 ns)

 <State 9>: 3.5ns
The critical path consists of the following:
	bus read on port 'iic' (iiccomm.cpp:61) [20]  (3.5 ns)

 <State 10>: 1ns
The critical path consists of the following:
	s_axi write on port 'outValue1' (iiccomm.cpp:57) [17]  (1 ns)


============================================================
+ Verbose Summary: Binding
============================================================
N/A
* FSMD analyzer results:
  - Output states:
 - Input state : 
  - Chain level:
	State 1
	State 2
	State 3
	State 4
	State 5
	State 6
	State 7
	State 8
	State 9
	State 10


============================================================
+ Verbose Summary: Datapath Resource usage 
============================================================
N/A
