Copyright 1986-2017 Xilinx, Inc. All Rights Reserved.
---------------------------------------------------------------------------------------------------
| Tool Version : Vivado v.2017.4 (lin64) Build 2086221 Fri Dec 15 20:54:30 MST 2017
| Date         : Sun Aug 19 22:56:55 2018
| Host         : fabricant running 64-bit Linux Mint 18 Sarah
| Command      : report_control_sets -verbose -file bmeMultibyteOg_wrapper_control_sets_placed.rpt
| Design       : bmeMultibyteOg_wrapper
| Device       : xc7z020
---------------------------------------------------------------------------------------------------

Control Set Information

Table of Contents
-----------------
1. Summary
2. Flip-Flop Distribution
3. Detailed Control Set Information

1. Summary
----------

+----------------------------------------------------------+-------+
|                          Status                          | Count |
+----------------------------------------------------------+-------+
| Number of unique control sets                            |   148 |
| Unused register locations in slices containing registers |   421 |
+----------------------------------------------------------+-------+


2. Flip-Flop Distribution
-------------------------

+--------------+-----------------------+------------------------+-----------------+--------------+
| Clock Enable | Synchronous Set/Reset | Asynchronous Set/Reset | Total Registers | Total Slices |
+--------------+-----------------------+------------------------+-----------------+--------------+
| No           | No                    | No                     |             225 |           89 |
| No           | No                    | Yes                    |               0 |            0 |
| No           | Yes                   | No                     |             388 |          127 |
| Yes          | No                    | No                     |            1061 |          256 |
| Yes          | No                    | Yes                    |               0 |            0 |
| Yes          | Yes                   | No                     |            1017 |          302 |
+--------------+-----------------------+------------------------+-----------------+--------------+


3. Detailed Control Set Information
-----------------------------------

+-------------------------------------------------------+----------------------------------------------------------------------------------------------------------------------------------------------------------------------+------------------------------------------------------------------------------------------------------------------------------------------------+------------------+----------------+
|                      Clock Signal                     |                                                                             Enable Signal                                                                            |                                                                Set/Reset Signal                                                                | Slice Load Count | Bel Load Count |
+-------------------------------------------------------+----------------------------------------------------------------------------------------------------------------------------------------------------------------------+------------------------------------------------------------------------------------------------------------------------------------------------+------------------+----------------+
|  bmeMultibyteOg_i/processing_system7_0/inst/FCLK_CLK0 | bmeMultibyteOg_i/ps7_0_axi_periph/s01_couplers/auto_pc/inst/gen_axilite.gen_b2s_conv.axilite_b2s/RD.r_channel_0/r_push_r                                             |                                                                                                                                                |                1 |              1 |
|  bmeMultibyteOg_i/processing_system7_0/inst/FCLK_CLK0 | bmeMultibyteOg_i/multibyteOg_0/inst/multibyteOg_CTRL_m_axi_U/bus_write/buff_wdata/p_32_in                                                                            | bmeMultibyteOg_i/multibyteOg_0/inst/multibyteOg_CTRL_m_axi_U/bus_read/buff_rdata/SR[0]                                                         |                1 |              1 |
|  bmeMultibyteOg_i/processing_system7_0/inst/FCLK_CLK0 | bmeMultibyteOg_i/axi_iic_0/U0/X_IIC/REG_INTERFACE_I/p_3_in                                                                                                           | bmeMultibyteOg_i/axi_iic_0/U0/X_IIC/REG_INTERFACE_I/Tx_fifo_rst                                                                                |                1 |              1 |
|  bmeMultibyteOg_i/processing_system7_0/inst/FCLK_CLK0 | bmeMultibyteOg_i/axi_iic_0/U0/X_IIC/WRITE_FIFO_CTRL_I/CI                                                                                                             |                                                                                                                                                |                1 |              2 |
|  bmeMultibyteOg_i/processing_system7_0/inst/FCLK_CLK0 | bmeMultibyteOg_i/multibyteOg_0/inst/multibyteOg_CTRL_m_axi_U/bus_write/fifo_resp/pop0                                                                                | bmeMultibyteOg_i/multibyteOg_0/inst/multibyteOg_CTRL_m_axi_U/bus_read/buff_rdata/SR[0]                                                         |                1 |              2 |
|  bmeMultibyteOg_i/processing_system7_0/inst/FCLK_CLK0 | bmeMultibyteOg_i/ps7_0_axi_periph/s00_couplers/auto_pc/inst/gen_axilite.gen_b2s_conv.axilite_b2s/WR.b_channel_0/bid_fifo_0/bresp_push                                |                                                                                                                                                |                1 |              2 |
|  bmeMultibyteOg_i/processing_system7_0/inst/FCLK_CLK0 | bmeMultibyteOg_i/multibyteOg_0/inst/multibyteOg_CTRL_m_axi_U/bus_write/fifo_resp/could_multi_bursts.next_loop                                                        |                                                                                                                                                |                1 |              2 |
|  bmeMultibyteOg_i/processing_system7_0/inst/FCLK_CLK0 | bmeMultibyteOg_i/multibyteOg_0/inst/multibyteOg_CTRL_m_axi_U/bus_write/fifo_wreq/align_len_reg[31][0]                                                                | bmeMultibyteOg_i/multibyteOg_0/inst/multibyteOg_CTRL_m_axi_U/bus_write/fifo_wreq/align_len_reg[31]_1[0]                                        |                1 |              2 |
|  bmeMultibyteOg_i/processing_system7_0/inst/FCLK_CLK0 | bmeMultibyteOg_i/multibyteOg_0/inst/multibyteOg_CTRL_m_axi_U/bus_read/fifo_rctl/could_multi_bursts.arlen_buf_reg[0]_0                                                | bmeMultibyteOg_i/multibyteOg_0/inst/multibyteOg_CTRL_m_axi_U/bus_read/buff_rdata/SR[0]                                                         |                2 |              4 |
|  bmeMultibyteOg_i/processing_system7_0/inst/FCLK_CLK0 | bmeMultibyteOg_i/multibyteOg_0/inst/multibyteOg_CTRL_m_axi_U/bus_read/fifo_rctl/pout[3]_i_1__0_n_0                                                                   | bmeMultibyteOg_i/multibyteOg_0/inst/multibyteOg_CTRL_m_axi_U/bus_read/buff_rdata/SR[0]                                                         |                1 |              4 |
|  bmeMultibyteOg_i/processing_system7_0/inst/FCLK_CLK0 | bmeMultibyteOg_i/axi_iic_0/U0/X_IIC/IIC_CONTROL_I/FSM_sequential_scl_state[3]_i_2_n_0                                                                                | bmeMultibyteOg_i/axi_iic_0/U0/X_IIC/REG_INTERFACE_I/SR[0]                                                                                      |                3 |              4 |
|  bmeMultibyteOg_i/processing_system7_0/inst/FCLK_CLK0 | bmeMultibyteOg_i/multibyteOg_0/inst/multibyteOg_CTRL_m_axi_U/bus_write/fifo_resp/pout[3]_i_1_n_0                                                                     | bmeMultibyteOg_i/multibyteOg_0/inst/multibyteOg_CTRL_m_axi_U/bus_read/buff_rdata/SR[0]                                                         |                1 |              4 |
|  bmeMultibyteOg_i/processing_system7_0/inst/FCLK_CLK0 | bmeMultibyteOg_i/axi_iic_0/U0/X_IIC/READ_FIFO_I/Rc_Data_Exists                                                                                                       | bmeMultibyteOg_i/axi_iic_0/U0/X_IIC/X_AXI_IPIF_SSP1/X_SOFT_RESET/SR[0]                                                                         |                1 |              4 |
|  bmeMultibyteOg_i/processing_system7_0/inst/FCLK_CLK0 | bmeMultibyteOg_i/axi_iic_0/U0/X_IIC/X_AXI_IPIF_SSP1/AXI_LITE_IPIF_I/I_SLAVE_ATTACHMENT/I_DECODER/Bus2IIC_WrCE[8]                                                     | bmeMultibyteOg_i/axi_iic_0/U0/X_IIC/X_AXI_IPIF_SSP1/X_SOFT_RESET/SR[0]                                                                         |                1 |              4 |
|  bmeMultibyteOg_i/processing_system7_0/inst/FCLK_CLK0 | bmeMultibyteOg_i/ps7_0_axi_periph/xbar/inst/gen_sasd.crossbar_sasd_0/addr_arbiter_inst/m_grant_enc_i                                                                 | bmeMultibyteOg_i/ps7_0_axi_periph/xbar/inst/gen_sasd.crossbar_sasd_0/addr_arbiter_inst/SR[0]                                                   |                2 |              4 |
|  bmeMultibyteOg_i/processing_system7_0/inst/FCLK_CLK0 | bmeMultibyteOg_i/axi_iic_0/U0/X_IIC/WRITE_FIFO_I/Tx_data_exists                                                                                                      | bmeMultibyteOg_i/axi_iic_0/U0/X_IIC/REG_INTERFACE_I/Tx_fifo_rst                                                                                |                1 |              4 |
|  bmeMultibyteOg_i/processing_system7_0/inst/FCLK_CLK0 | bmeMultibyteOg_i/axi_iic_0/U0/X_IIC/IIC_CONTROL_I/BITCNT/q_int[0]_i_1__0_n_0                                                                                         | bmeMultibyteOg_i/axi_iic_0/U0/X_IIC/REG_INTERFACE_I/SR[0]                                                                                      |                1 |              4 |
|  bmeMultibyteOg_i/processing_system7_0/inst/FCLK_CLK0 | bmeMultibyteOg_i/ps7_0_axi_periph/s01_couplers/auto_pc/inst/gen_axilite.gen_b2s_conv.axilite_b2s/WR.aw_channel_0/aw_cmd_fsm_0/b_push                                 |                                                                                                                                                |                1 |              4 |
|  bmeMultibyteOg_i/processing_system7_0/inst/FCLK_CLK0 | bmeMultibyteOg_i/ps7_0_axi_periph/s00_couplers/auto_pc/inst/gen_axilite.gen_b2s_conv.axilite_b2s/WR.aw_channel_0/aw_cmd_fsm_0/E[0]                                   | bmeMultibyteOg_i/ps7_0_axi_periph/s00_couplers/auto_pc/inst/gen_axilite.gen_b2s_conv.axilite_b2s/WR.aw_channel_0/aw_cmd_fsm_0/axlen_cnt_reg[7] |                1 |              4 |
|  bmeMultibyteOg_i/processing_system7_0/inst/FCLK_CLK0 | bmeMultibyteOg_i/axi_iic_0/U0/X_IIC/WRITE_FIFO_CTRL_I/Addr_Counters[0].FDRE_I_0                                                                                      | bmeMultibyteOg_i/axi_iic_0/U0/X_IIC/REG_INTERFACE_I/Tx_fifo_rst                                                                                |                1 |              4 |
|  bmeMultibyteOg_i/processing_system7_0/inst/FCLK_CLK0 |                                                                                                                                                                      | bmeMultibyteOg_i/axi_iic_0/U0/X_IIC/X_AXI_IPIF_SSP1/AXI_LITE_IPIF_I/I_SLAVE_ATTACHMENT/INCLUDE_DPHASE_TIMER.dpto_cnt[3]_i_1_n_0                |                1 |              4 |
|  bmeMultibyteOg_i/processing_system7_0/inst/FCLK_CLK0 | bmeMultibyteOg_i/ps7_0_axi_periph/s00_couplers/auto_pc/inst/gen_axilite.gen_b2s_conv.axilite_b2s/RD.ar_channel_0/ar_cmd_fsm_0/axlen_cnt_reg[4][0]                    | bmeMultibyteOg_i/ps7_0_axi_periph/s00_couplers/auto_pc/inst/gen_axilite.gen_b2s_conv.axilite_b2s/RD.ar_channel_0/ar_cmd_fsm_0/axlen_cnt_reg[7] |                2 |              4 |
|  bmeMultibyteOg_i/processing_system7_0/inst/FCLK_CLK0 | bmeMultibyteOg_i/multibyteOg_0/inst/multibyteOg_CTRL_m_axi_U/bus_write/fifo_resp/push                                                                                |                                                                                                                                                |                1 |              4 |
|  bmeMultibyteOg_i/processing_system7_0/inst/FCLK_CLK0 |                                                                                                                                                                      | bmeMultibyteOg_i/ps7_0_axi_periph/xbar/inst/gen_sasd.crossbar_sasd_0/addr_arbiter_inst/s_arvalid_reg                                           |                2 |              4 |
|  bmeMultibyteOg_i/processing_system7_0/inst/FCLK_CLK0 |                                                                                                                                                                      | bmeMultibyteOg_i/ps7_0_axi_periph/s00_couplers/auto_pc/inst/gen_axilite.gen_b2s_conv.axilite_b2s/SI_REG/ar.ar_pipe/m_valid_i_reg_0             |                2 |              4 |
|  bmeMultibyteOg_i/processing_system7_0/inst/FCLK_CLK0 |                                                                                                                                                                      | bmeMultibyteOg_i/ps7_0_axi_periph/s00_couplers/auto_pc/inst/gen_axilite.gen_b2s_conv.axilite_b2s/SI_REG/aw.aw_pipe/s_ready_i_reg_0             |                2 |              4 |
|  bmeMultibyteOg_i/processing_system7_0/inst/FCLK_CLK0 |                                                                                                                                                                      | bmeMultibyteOg_i/ps7_0_axi_periph/s01_couplers/auto_pc/inst/gen_axilite.gen_b2s_conv.axilite_b2s/SI_REG/ar.ar_pipe/m_valid_i_reg_0             |                1 |              4 |
|  bmeMultibyteOg_i/processing_system7_0/inst/FCLK_CLK0 |                                                                                                                                                                      | bmeMultibyteOg_i/ps7_0_axi_periph/s01_couplers/auto_pc/inst/gen_axilite.gen_b2s_conv.axilite_b2s/SI_REG/aw.aw_pipe/s_ready_i_reg_0             |                2 |              4 |
|  bmeMultibyteOg_i/processing_system7_0/inst/FCLK_CLK0 | bmeMultibyteOg_i/axi_iic_0/U0/X_IIC/X_AXI_IPIF_SSP1/AXI_LITE_IPIF_I/I_SLAVE_ATTACHMENT/I_DECODER/Bus2IIC_WrCE[11]                                                    | bmeMultibyteOg_i/axi_iic_0/U0/X_IIC/X_AXI_IPIF_SSP1/X_SOFT_RESET/SR[0]                                                                         |                1 |              5 |
|  bmeMultibyteOg_i/processing_system7_0/inst/FCLK_CLK0 | bmeMultibyteOg_i/multibyteOg_0/inst/multibyteOg_CTRL_m_axi_U/bus_write/bus_equal_gen.fifo_burst/pop0                                                                 | bmeMultibyteOg_i/multibyteOg_0/inst/multibyteOg_CTRL_m_axi_U/bus_read/buff_rdata/SR[0]                                                         |                2 |              5 |
|  bmeMultibyteOg_i/processing_system7_0/inst/FCLK_CLK0 | bmeMultibyteOg_i/multibyteOg_0/inst/multibyteOg_CTRL_s_axi_U/ar_hs                                                                                                   |                                                                                                                                                |                2 |              5 |
|  bmeMultibyteOg_i/processing_system7_0/inst/FCLK_CLK0 |                                                                                                                                                                      | bmeMultibyteOg_i/rst_ps7_0_100M/U0/EXT_LPF/lpf_int                                                                                             |                2 |              5 |
|  bmeMultibyteOg_i/processing_system7_0/inst/FCLK_CLK0 | bmeMultibyteOg_i/multibyteOg_0/inst/multibyteOg_CTRL_m_axi_U/bus_write/fifo_wreq/align_len_reg[31][0]                                                                | bmeMultibyteOg_i/multibyteOg_0/inst/multibyteOg_CTRL_m_axi_U/bus_read/buff_rdata/SR[0]                                                         |                1 |              5 |
|  bmeMultibyteOg_i/processing_system7_0/inst/FCLK_CLK0 | bmeMultibyteOg_i/multibyteOg_0/inst/multibyteOg_CTRL_s_axi_U/waddr                                                                                                   |                                                                                                                                                |                1 |              6 |
|  bmeMultibyteOg_i/processing_system7_0/inst/FCLK_CLK0 | bmeMultibyteOg_i/multibyteOg_0/inst/multibyteOg_CTRL_m_axi_U/bus_write/rs_wreq/push                                                                                  |                                                                                                                                                |                2 |              6 |
|  bmeMultibyteOg_i/processing_system7_0/inst/FCLK_CLK0 | bmeMultibyteOg_i/ps7_0_axi_periph/s01_mmu/inst/gen_write.w_cnt[5]_i_1_n_0                                                                                            | bmeMultibyteOg_i/ps7_0_axi_periph/s01_mmu/inst/register_slice_inst/ar.ar_pipe/m_valid_i_reg_0                                                  |                2 |              6 |
|  bmeMultibyteOg_i/processing_system7_0/inst/FCLK_CLK0 | bmeMultibyteOg_i/multibyteOg_0/inst/multibyteOg_CTRL_m_axi_U/bus_read/rs_rreq/push                                                                                   |                                                                                                                                                |                2 |              6 |
|  bmeMultibyteOg_i/processing_system7_0/inst/FCLK_CLK0 | bmeMultibyteOg_i/rst_ps7_0_100M/U0/SEQ/seq_cnt_en                                                                                                                    | bmeMultibyteOg_i/rst_ps7_0_100M/U0/SEQ/SEQ_COUNTER/clear                                                                                       |                1 |              6 |
|  bmeMultibyteOg_i/processing_system7_0/inst/FCLK_CLK0 | bmeMultibyteOg_i/ps7_0_axi_periph/s01_mmu/inst/register_slice_inst/aw.aw_pipe/E[0]                                                                                   | bmeMultibyteOg_i/ps7_0_axi_periph/s01_mmu/inst/register_slice_inst/ar.ar_pipe/m_valid_i_reg_0                                                  |                3 |              6 |
|  bmeMultibyteOg_i/processing_system7_0/inst/FCLK_CLK0 | bmeMultibyteOg_i/multibyteOg_0/inst/multibyteOg_CTRL_m_axi_U/bus_read/fifo_rctl/p_21_in                                                                              | bmeMultibyteOg_i/multibyteOg_0/inst/multibyteOg_CTRL_m_axi_U/bus_read/fifo_rctl/could_multi_bursts.loop_cnt_reg[5][0]                          |                2 |              6 |
|  bmeMultibyteOg_i/processing_system7_0/inst/FCLK_CLK0 | bmeMultibyteOg_i/multibyteOg_0/inst/multibyteOg_CTRL_m_axi_U/bus_write/fifo_resp/could_multi_bursts.next_loop                                                        | bmeMultibyteOg_i/multibyteOg_0/inst/multibyteOg_CTRL_m_axi_U/bus_write/fifo_resp/could_multi_bursts.loop_cnt_reg[5][0]                         |                3 |              6 |
|  bmeMultibyteOg_i/processing_system7_0/inst/FCLK_CLK0 | bmeMultibyteOg_i/ps7_0_axi_periph/s01_mmu/inst/register_slice_inst/ar.ar_pipe/gen_read.ar_cnt_reg[5][0]                                                              | bmeMultibyteOg_i/ps7_0_axi_periph/s01_mmu/inst/register_slice_inst/ar.ar_pipe/m_valid_i_reg_0                                                  |                2 |              6 |
|  bmeMultibyteOg_i/processing_system7_0/inst/FCLK_CLK0 |                                                                                                                                                                      | bmeMultibyteOg_i/axi_iic_0/U0/X_IIC/REG_INTERFACE_I/Tx_fifo_rst                                                                                |                3 |              6 |
|  bmeMultibyteOg_i/processing_system7_0/inst/FCLK_CLK0 |                                                                                                                                                                      | bmeMultibyteOg_i/axi_iic_0/U0/X_IIC/X_AXI_IPIF_SSP1/X_SOFT_RESET/AXI_Bus2IP_Reset                                                              |                2 |              6 |
|  bmeMultibyteOg_i/processing_system7_0/inst/FCLK_CLK0 | bmeMultibyteOg_i/multibyteOg_0/inst/multibyteOg_CTRL_m_axi_U/bus_write/fifo_wreq/pop0                                                                                | bmeMultibyteOg_i/multibyteOg_0/inst/multibyteOg_CTRL_m_axi_U/bus_read/buff_rdata/SR[0]                                                         |                3 |              7 |
|  bmeMultibyteOg_i/processing_system7_0/inst/FCLK_CLK0 | bmeMultibyteOg_i/axi_iic_0/U0/X_IIC/X_AXI_IPIF_SSP1/AXI_LITE_IPIF_I/I_SLAVE_ATTACHMENT/I_DECODER/Bus2IIC_WrCE[9]                                                     | bmeMultibyteOg_i/axi_iic_0/U0/X_IIC/X_AXI_IPIF_SSP1/X_SOFT_RESET/SR[0]                                                                         |                2 |              7 |
|  bmeMultibyteOg_i/processing_system7_0/inst/FCLK_CLK0 | bmeMultibyteOg_i/multibyteOg_0/inst/multibyteOg_CTRL_m_axi_U/bus_read/fifo_rctl/pop0                                                                                 | bmeMultibyteOg_i/multibyteOg_0/inst/multibyteOg_CTRL_m_axi_U/bus_read/buff_rdata/SR[0]                                                         |                3 |              7 |
|  bmeMultibyteOg_i/processing_system7_0/inst/FCLK_CLK0 | bmeMultibyteOg_i/axi_iic_0/U0/X_IIC/IIC_CONTROL_I/BITCNT/E[0]                                                                                                        | bmeMultibyteOg_i/axi_iic_0/U0/X_IIC/IIC_CONTROL_I/state0                                                                                       |                3 |              7 |
|  bmeMultibyteOg_i/processing_system7_0/inst/FCLK_CLK0 | bmeMultibyteOg_i/multibyteOg_0/inst/multibyteOg_CTRL_m_axi_U/bus_read/fifo_rreq/E[0]                                                                                 | bmeMultibyteOg_i/multibyteOg_0/inst/multibyteOg_CTRL_m_axi_U/bus_read/buff_rdata/SR[0]                                                         |                3 |              7 |
|  bmeMultibyteOg_i/processing_system7_0/inst/FCLK_CLK0 | bmeMultibyteOg_i/multibyteOg_0/inst/multibyteOg_CTRL_m_axi_U/bus_read/buff_rdata/usedw[7]_i_1__0_n_0                                                                 | bmeMultibyteOg_i/multibyteOg_0/inst/multibyteOg_CTRL_m_axi_U/bus_read/buff_rdata/SR[0]                                                         |                3 |              8 |
|  bmeMultibyteOg_i/processing_system7_0/inst/FCLK_CLK0 | bmeMultibyteOg_i/multibyteOg_0/inst/multibyteOg_CTRL_m_axi_U/bus_write/E[0]                                                                                          | bmeMultibyteOg_i/multibyteOg_0/inst/multibyteOg_CTRL_m_axi_U/bus_read/buff_rdata/SR[0]                                                         |                3 |              8 |
|  bmeMultibyteOg_i/processing_system7_0/inst/FCLK_CLK0 | bmeMultibyteOg_i/multibyteOg_0/inst/multibyteOg_CTRL_m_axi_U/bus_write/buff_wdata/p_32_in                                                                            | bmeMultibyteOg_i/multibyteOg_0/inst/multibyteOg_CTRL_m_axi_U/bus_write/bus_equal_gen.fifo_burst/bus_equal_gen.len_cnt_reg[0][0]                |                3 |              8 |
|  bmeMultibyteOg_i/processing_system7_0/inst/FCLK_CLK0 | bmeMultibyteOg_i/multibyteOg_0/inst/multibyteOg_CTRL_m_axi_U/bus_write/buff_wdata/usedw[7]_i_1_n_0                                                                   | bmeMultibyteOg_i/multibyteOg_0/inst/multibyteOg_CTRL_m_axi_U/bus_read/buff_rdata/SR[0]                                                         |                3 |              8 |
|  bmeMultibyteOg_i/processing_system7_0/inst/FCLK_CLK0 | bmeMultibyteOg_i/ps7_0_axi_periph/s01_couplers/auto_pc/inst/gen_axilite.gen_b2s_conv.axilite_b2s/WR.b_channel_0/mhandshake_r                                         | bmeMultibyteOg_i/ps7_0_axi_periph/s01_couplers/auto_pc/inst/gen_axilite.gen_b2s_conv.axilite_b2s/WR.b_channel_0/bid_fifo_0/SR[0]               |                2 |              8 |
|  bmeMultibyteOg_i/processing_system7_0/inst/FCLK_CLK0 |                                                                                                                                                                      | bmeMultibyteOg_i/axi_iic_0/U0/X_IIC/X_AXI_IPIF_SSP1/AXI_LITE_IPIF_I/I_SLAVE_ATTACHMENT/rst                                                     |                2 |              8 |
|  bmeMultibyteOg_i/processing_system7_0/inst/FCLK_CLK0 | bmeMultibyteOg_i/ps7_0_axi_periph/s01_couplers/auto_pc/inst/gen_axilite.gen_b2s_conv.axilite_b2s/RD.ar_channel_0/ar_cmd_fsm_0/axaddr_wrap_reg[11][0]                 |                                                                                                                                                |                3 |              8 |
|  bmeMultibyteOg_i/processing_system7_0/inst/FCLK_CLK0 | bmeMultibyteOg_i/axi_iic_0/U0/X_IIC/DYN_MASTER_I/rdByteCntr[0]_i_1_n_0                                                                                               | bmeMultibyteOg_i/axi_iic_0/U0/X_IIC/REG_INTERFACE_I/Tx_fifo_rst                                                                                |                3 |              8 |
|  bmeMultibyteOg_i/processing_system7_0/inst/FCLK_CLK0 | bmeMultibyteOg_i/ps7_0_axi_periph/s00_couplers/auto_pc/inst/gen_axilite.gen_b2s_conv.axilite_b2s/WR.b_channel_0/mhandshake_r                                         | bmeMultibyteOg_i/ps7_0_axi_periph/s00_couplers/auto_pc/inst/gen_axilite.gen_b2s_conv.axilite_b2s/WR.b_channel_0/bid_fifo_0/SR[0]               |                3 |              8 |
|  bmeMultibyteOg_i/processing_system7_0/inst/FCLK_CLK0 | bmeMultibyteOg_i/ps7_0_axi_periph/s01_couplers/auto_pc/inst/gen_axilite.gen_b2s_conv.axilite_b2s/WR.aw_channel_0/aw_cmd_fsm_0/axaddr_wrap_reg[0][0]                  |                                                                                                                                                |                4 |              8 |
|  bmeMultibyteOg_i/processing_system7_0/inst/FCLK_CLK0 | bmeMultibyteOg_i/axi_iic_0/U0/X_IIC/IIC_CONTROL_I/data_i2c_i0                                                                                                        | bmeMultibyteOg_i/axi_iic_0/U0/X_IIC/REG_INTERFACE_I/SR[0]                                                                                      |                1 |              8 |
|  bmeMultibyteOg_i/processing_system7_0/inst/FCLK_CLK0 | bmeMultibyteOg_i/axi_iic_0/U0/X_IIC/IIC_CONTROL_I/I2CDATA_REG/data_int[7]_i_1_n_0                                                                                    | bmeMultibyteOg_i/axi_iic_0/U0/X_IIC/REG_INTERFACE_I/SR[0]                                                                                      |                2 |              8 |
|  bmeMultibyteOg_i/processing_system7_0/inst/FCLK_CLK0 | bmeMultibyteOg_i/axi_iic_0/U0/X_IIC/IIC_CONTROL_I/i2c_header_en                                                                                                      | bmeMultibyteOg_i/axi_iic_0/U0/X_IIC/REG_INTERFACE_I/SR[0]                                                                                      |                2 |              8 |
|  bmeMultibyteOg_i/processing_system7_0/inst/FCLK_CLK0 | bmeMultibyteOg_i/axi_iic_0/U0/X_IIC/READ_FIFO_I/CI                                                                                                                   |                                                                                                                                                |                1 |              8 |
|  bmeMultibyteOg_i/processing_system7_0/inst/FCLK_CLK0 | bmeMultibyteOg_i/axi_iic_0/U0/X_IIC/X_AXI_IPIF_SSP1/AXI_LITE_IPIF_I/I_SLAVE_ATTACHMENT/I_DECODER/E[0]                                                                | bmeMultibyteOg_i/axi_iic_0/U0/X_IIC/X_AXI_IPIF_SSP1/X_SOFT_RESET/SR[0]                                                                         |                2 |              8 |
|  bmeMultibyteOg_i/processing_system7_0/inst/FCLK_CLK0 | bmeMultibyteOg_i/axi_iic_0/U0/X_IIC/WRITE_FIFO_I/CI                                                                                                                  |                                                                                                                                                |                1 |              8 |
|  bmeMultibyteOg_i/processing_system7_0/inst/FCLK_CLK0 | bmeMultibyteOg_i/axi_iic_0/U0/X_IIC/X_AXI_IPIF_SSP1/AXI_LITE_IPIF_I/I_SLAVE_ATTACHMENT/I_DECODER/Bus2IIC_WrCE[4]                                                     | bmeMultibyteOg_i/axi_iic_0/U0/X_IIC/X_AXI_IPIF_SSP1/X_SOFT_RESET/SR[0]                                                                         |                4 |             10 |
|  bmeMultibyteOg_i/processing_system7_0/inst/FCLK_CLK0 | bmeMultibyteOg_i/axi_iic_0/U0/X_IIC/X_AXI_IPIF_SSP1/AXI_LITE_IPIF_I/I_SLAVE_ATTACHMENT/I_DECODER/Bus2IIC_WrCE[6]                                                     | bmeMultibyteOg_i/axi_iic_0/U0/X_IIC/X_AXI_IPIF_SSP1/X_SOFT_RESET/SR[0]                                                                         |                5 |             10 |
|  bmeMultibyteOg_i/processing_system7_0/inst/FCLK_CLK0 | bmeMultibyteOg_i/axi_iic_0/U0/X_IIC/X_AXI_IPIF_SSP1/AXI_LITE_IPIF_I/I_SLAVE_ATTACHMENT/I_DECODER/Bus2IIC_WrCE[0]                                                     | bmeMultibyteOg_i/axi_iic_0/U0/X_IIC/X_AXI_IPIF_SSP1/X_SOFT_RESET/SR[0]                                                                         |                4 |             10 |
|  bmeMultibyteOg_i/processing_system7_0/inst/FCLK_CLK0 | bmeMultibyteOg_i/multibyteOg_0/inst/multibyteOg_CTRL_m_axi_U/bus_write/fifo_resp/sect_len_buf_reg[3]_0                                                               | bmeMultibyteOg_i/multibyteOg_0/inst/multibyteOg_CTRL_m_axi_U/bus_read/buff_rdata/SR[0]                                                         |                4 |             10 |
|  bmeMultibyteOg_i/processing_system7_0/inst/FCLK_CLK0 | bmeMultibyteOg_i/axi_iic_0/U0/X_IIC/X_AXI_IPIF_SSP1/AXI_LITE_IPIF_I/I_SLAVE_ATTACHMENT/I_DECODER/Bus2IIC_WrCE[1]                                                     | bmeMultibyteOg_i/axi_iic_0/U0/X_IIC/X_AXI_IPIF_SSP1/X_SOFT_RESET/SR[0]                                                                         |                4 |             10 |
|  bmeMultibyteOg_i/processing_system7_0/inst/FCLK_CLK0 | bmeMultibyteOg_i/multibyteOg_0/inst/multibyteOg_CTRL_m_axi_U/bus_read/fifo_rctl/sect_len_buf_reg[9]_0                                                                | bmeMultibyteOg_i/multibyteOg_0/inst/multibyteOg_CTRL_m_axi_U/bus_read/buff_rdata/SR[0]                                                         |                3 |             10 |
|  bmeMultibyteOg_i/processing_system7_0/inst/FCLK_CLK0 | bmeMultibyteOg_i/axi_iic_0/U0/X_IIC/X_AXI_IPIF_SSP1/AXI_LITE_IPIF_I/I_SLAVE_ATTACHMENT/I_DECODER/Bus2IIC_WrCE[2]                                                     | bmeMultibyteOg_i/axi_iic_0/U0/X_IIC/X_AXI_IPIF_SSP1/X_SOFT_RESET/SR[0]                                                                         |                3 |             10 |
|  bmeMultibyteOg_i/processing_system7_0/inst/FCLK_CLK0 |                                                                                                                                                                      | bmeMultibyteOg_i/ps7_0_axi_periph/xbar/inst/gen_sasd.crossbar_sasd_0/addr_arbiter_inst/SR[0]                                                   |                3 |             10 |
|  bmeMultibyteOg_i/processing_system7_0/inst/FCLK_CLK0 | bmeMultibyteOg_i/axi_iic_0/U0/X_IIC/X_AXI_IPIF_SSP1/AXI_LITE_IPIF_I/I_SLAVE_ATTACHMENT/I_DECODER/Bus2IIC_WrCE[5]                                                     | bmeMultibyteOg_i/axi_iic_0/U0/X_IIC/X_AXI_IPIF_SSP1/X_SOFT_RESET/SR[0]                                                                         |                3 |             10 |
|  bmeMultibyteOg_i/processing_system7_0/inst/FCLK_CLK0 | bmeMultibyteOg_i/axi_iic_0/U0/X_IIC/IIC_CONTROL_I/CLKCNT/q_int[0]_i_1_n_0                                                                                            | bmeMultibyteOg_i/axi_iic_0/U0/X_IIC/REG_INTERFACE_I/SR[0]                                                                                      |                2 |             10 |
|  bmeMultibyteOg_i/processing_system7_0/inst/FCLK_CLK0 | bmeMultibyteOg_i/axi_iic_0/U0/X_IIC/X_AXI_IPIF_SSP1/AXI_LITE_IPIF_I/I_SLAVE_ATTACHMENT/I_DECODER/Bus2IIC_WrCE[7]                                                     | bmeMultibyteOg_i/axi_iic_0/U0/X_IIC/X_AXI_IPIF_SSP1/X_SOFT_RESET/SR[0]                                                                         |                3 |             10 |
|  bmeMultibyteOg_i/processing_system7_0/inst/FCLK_CLK0 | bmeMultibyteOg_i/axi_iic_0/U0/X_IIC/X_AXI_IPIF_SSP1/AXI_LITE_IPIF_I/I_SLAVE_ATTACHMENT/bus2ip_addr_i[8]_i_1_n_0                                                      | bmeMultibyteOg_i/axi_iic_0/U0/X_IIC/X_AXI_IPIF_SSP1/AXI_LITE_IPIF_I/I_SLAVE_ATTACHMENT/rst                                                     |                2 |             10 |
|  bmeMultibyteOg_i/processing_system7_0/inst/FCLK_CLK0 | bmeMultibyteOg_i/axi_iic_0/U0/X_IIC/X_AXI_IPIF_SSP1/AXI_LITE_IPIF_I/I_SLAVE_ATTACHMENT/I_DECODER/Bus2IIC_WrCE[3]                                                     | bmeMultibyteOg_i/axi_iic_0/U0/X_IIC/X_AXI_IPIF_SSP1/X_SOFT_RESET/SR[0]                                                                         |                3 |             10 |
|  bmeMultibyteOg_i/processing_system7_0/inst/FCLK_CLK0 | bmeMultibyteOg_i/axi_iic_0/U0/X_IIC/IIC_CONTROL_I/SETUP_CNT/q_int[0]_i_1__1_n_0                                                                                      | bmeMultibyteOg_i/axi_iic_0/U0/X_IIC/REG_INTERFACE_I/SR[0]                                                                                      |                2 |             10 |
|  bmeMultibyteOg_i/processing_system7_0/inst/FCLK_CLK0 | bmeMultibyteOg_i/multibyteOg_0/inst/multibyteOg_CTRL_m_axi_U/bus_write/buff_wdata/ap_CS_fsm_reg[3]                                                                   | bmeMultibyteOg_i/multibyteOg_0/inst/multibyteOg_CTRL_m_axi_U/bus_read/buff_rdata/SR[0]                                                         |                4 |             10 |
|  bmeMultibyteOg_i/processing_system7_0/inst/FCLK_CLK0 | bmeMultibyteOg_i/multibyteOg_0/inst/multibyteOg_CTRL_m_axi_U/bus_write/buff_wdata/p_32_in                                                                            |                                                                                                                                                |                4 |             11 |
|  bmeMultibyteOg_i/processing_system7_0/inst/FCLK_CLK0 | bmeMultibyteOg_i/ps7_0_axi_periph/s00_couplers/auto_pc/inst/gen_axilite.gen_b2s_conv.axilite_b2s/WR.aw_channel_0/cmd_translator_0/incr_cmd_0/axaddr_incr[11]_i_1_n_0 |                                                                                                                                                |                4 |             12 |
|  bmeMultibyteOg_i/processing_system7_0/inst/FCLK_CLK0 | bmeMultibyteOg_i/ps7_0_axi_periph/s01_couplers/auto_pc/inst/gen_axilite.gen_b2s_conv.axilite_b2s/WR.aw_channel_0/cmd_translator_0/incr_cmd_0/axaddr_incr[11]_i_1_n_0 |                                                                                                                                                |                3 |             12 |
|  bmeMultibyteOg_i/processing_system7_0/inst/FCLK_CLK0 | bmeMultibyteOg_i/multibyteOg_0/inst/multibyteOg_CTRL_m_axi_U/bus_write/buff_wdata/pop                                                                                | bmeMultibyteOg_i/multibyteOg_0/inst/multibyteOg_CTRL_m_axi_U/bus_read/buff_rdata/SR[0]                                                         |                7 |             12 |
|  bmeMultibyteOg_i/processing_system7_0/inst/FCLK_CLK0 | bmeMultibyteOg_i/ps7_0_axi_periph/s01_couplers/auto_pc/inst/gen_axilite.gen_b2s_conv.axilite_b2s/RD.ar_channel_0/ar_cmd_fsm_0/axaddr_incr_reg[0][0]                  |                                                                                                                                                |                3 |             12 |
|  bmeMultibyteOg_i/processing_system7_0/inst/FCLK_CLK0 | bmeMultibyteOg_i/axi_iic_0/U0/X_IIC/X_AXI_IPIF_SSP1/AXI_LITE_IPIF_I/I_SLAVE_ATTACHMENT/s_axi_rdata_i                                                                 | bmeMultibyteOg_i/axi_iic_0/U0/X_IIC/X_AXI_IPIF_SSP1/AXI_LITE_IPIF_I/I_SLAVE_ATTACHMENT/rst                                                     |                3 |             12 |
|  bmeMultibyteOg_i/processing_system7_0/inst/FCLK_CLK0 | bmeMultibyteOg_i/ps7_0_axi_periph/s00_couplers/auto_pc/inst/gen_axilite.gen_b2s_conv.axilite_b2s/RD.ar_channel_0/ar_cmd_fsm_0/axaddr_incr_reg[0][0]                  |                                                                                                                                                |                4 |             12 |
|  bmeMultibyteOg_i/processing_system7_0/inst/FCLK_CLK0 | bmeMultibyteOg_i/ps7_0_axi_periph/s00_couplers/auto_pc/inst/gen_axilite.gen_b2s_conv.axilite_b2s/RD.ar_channel_0/ar_cmd_fsm_0/E[0]                                   |                                                                                                                                                |                4 |             12 |
|  bmeMultibyteOg_i/processing_system7_0/inst/FCLK_CLK0 | bmeMultibyteOg_i/ps7_0_axi_periph/s00_couplers/auto_pc/inst/gen_axilite.gen_b2s_conv.axilite_b2s/WR.aw_channel_0/aw_cmd_fsm_0/wrap_boundary_axaddr_r_reg[0][0]       |                                                                                                                                                |                6 |             12 |
|  bmeMultibyteOg_i/processing_system7_0/inst/FCLK_CLK0 | bmeMultibyteOg_i/ps7_0_axi_periph/s00_couplers/auto_pc/inst/gen_axilite.gen_b2s_conv.axilite_b2s/RD.r_channel_0/r_push_r                                             |                                                                                                                                                |                4 |             13 |
|  bmeMultibyteOg_i/processing_system7_0/inst/FCLK_CLK0 |                                                                                                                                                                      | bmeMultibyteOg_i/ps7_0_axi_periph/s01_mmu/inst/register_slice_inst/ar.ar_pipe/m_valid_i_reg_0                                                  |                5 |             13 |
|  bmeMultibyteOg_i/processing_system7_0/inst/FCLK_CLK0 | bmeMultibyteOg_i/ps7_0_axi_periph/s00_couplers/auto_pc/inst/gen_axilite.gen_b2s_conv.axilite_b2s/SI_REG/b.b_pipe/p_1_in                                              |                                                                                                                                                |                2 |             14 |
|  bmeMultibyteOg_i/processing_system7_0/inst/FCLK_CLK0 | bmeMultibyteOg_i/ps7_0_axi_periph/s00_couplers/auto_pc/inst/gen_axilite.gen_b2s_conv.axilite_b2s/SI_REG/b.b_pipe/skid_buffer_reg[0]_0                                |                                                                                                                                                |                3 |             14 |
|  bmeMultibyteOg_i/processing_system7_0/inst/FCLK_CLK0 | bmeMultibyteOg_i/multibyteOg_0/inst/multibyteOg_CTRL_m_axi_U/bus_write/fifo_resp_to_user/ap_CS_fsm_reg[9]                                                            | bmeMultibyteOg_i/multibyteOg_0/inst/multibyteOg_CTRL_m_axi_U/bus_read/buff_rdata/SR[0]                                                         |                3 |             15 |
|  bmeMultibyteOg_i/processing_system7_0/inst/FCLK_CLK0 | bmeMultibyteOg_i/ps7_0_axi_periph/s00_couplers/auto_pc/inst/gen_axilite.gen_b2s_conv.axilite_b2s/WR.aw_channel_0/aw_cmd_fsm_0/b_push                                 |                                                                                                                                                |                3 |             16 |
|  bmeMultibyteOg_i/processing_system7_0/inst/FCLK_CLK0 | bmeMultibyteOg_i/multibyteOg_0/inst/multibyteOg_CTRL_m_axi_U/bus_write/fifo_resp_to_user/push                                                                        | bmeMultibyteOg_i/multibyteOg_0/inst/multibyteOg_CTRL_m_axi_U/bus_read/buff_rdata/SR[0]                                                         |                6 |             19 |
|  bmeMultibyteOg_i/processing_system7_0/inst/FCLK_CLK0 | bmeMultibyteOg_i/multibyteOg_0/inst/multibyteOg_CTRL_m_axi_U/bus_read/fifo_rreq/sect_cnt_reg[19][0]                                                                  | bmeMultibyteOg_i/multibyteOg_0/inst/multibyteOg_CTRL_m_axi_U/bus_read/buff_rdata/SR[0]                                                         |                6 |             20 |
|  bmeMultibyteOg_i/processing_system7_0/inst/FCLK_CLK0 | bmeMultibyteOg_i/multibyteOg_0/inst/multibyteOg_CTRL_m_axi_U/bus_read/fifo_rctl/E[0]                                                                                 | bmeMultibyteOg_i/multibyteOg_0/inst/multibyteOg_CTRL_m_axi_U/bus_read/buff_rdata/SR[0]                                                         |                6 |             20 |
|  bmeMultibyteOg_i/processing_system7_0/inst/FCLK_CLK0 | bmeMultibyteOg_i/multibyteOg_0/inst/multibyteOg_CTRL_m_axi_U/bus_write/fifo_resp/E[0]                                                                                | bmeMultibyteOg_i/multibyteOg_0/inst/multibyteOg_CTRL_m_axi_U/bus_read/buff_rdata/SR[0]                                                         |                6 |             20 |
|  bmeMultibyteOg_i/processing_system7_0/inst/FCLK_CLK0 | bmeMultibyteOg_i/multibyteOg_0/inst/multibyteOg_CTRL_m_axi_U/bus_write/fifo_wreq/sect_cnt_reg[19][0]                                                                 | bmeMultibyteOg_i/multibyteOg_0/inst/multibyteOg_CTRL_m_axi_U/bus_read/buff_rdata/SR[0]                                                         |                7 |             20 |
|  bmeMultibyteOg_i/processing_system7_0/inst/FCLK_CLK0 | bmeMultibyteOg_i/ps7_0_axi_periph/s00_couplers/auto_pc/inst/gen_axilite.gen_b2s_conv.axilite_b2s/RD.ar_channel_0/ar_cmd_fsm_0/axlen_cnt_reg[4][0]                    |                                                                                                                                                |                7 |             21 |
|  bmeMultibyteOg_i/processing_system7_0/inst/FCLK_CLK0 | bmeMultibyteOg_i/ps7_0_axi_periph/s00_couplers/auto_pc/inst/gen_axilite.gen_b2s_conv.axilite_b2s/WR.aw_channel_0/aw_cmd_fsm_0/E[0]                                   |                                                                                                                                                |                8 |             21 |
|  bmeMultibyteOg_i/processing_system7_0/inst/FCLK_CLK0 | bmeMultibyteOg_i/multibyteOg_0/inst/ap_NS_fsm144_out                                                                                                                 | bmeMultibyteOg_i/multibyteOg_0/inst/multibyteOg_CTRL_m_axi_U/bus_write/fifo_resp_to_user/p_014_0_i1_reg_663                                    |                6 |             23 |
|  bmeMultibyteOg_i/processing_system7_0/inst/FCLK_CLK0 | bmeMultibyteOg_i/multibyteOg_0/inst/ap_NS_fsm130_out                                                                                                                 | bmeMultibyteOg_i/multibyteOg_0/inst/multibyteOg_CTRL_m_axi_U/bus_write/fifo_resp_to_user/p_014_0_i4_reg_685                                    |                6 |             23 |
|  bmeMultibyteOg_i/processing_system7_0/inst/FCLK_CLK0 | bmeMultibyteOg_i/multibyteOg_0/inst/ap_NS_fsm137_out                                                                                                                 | bmeMultibyteOg_i/multibyteOg_0/inst/multibyteOg_CTRL_m_axi_U/bus_write/fifo_resp_to_user/p_014_0_i9_reg_674                                    |                6 |             23 |
|  bmeMultibyteOg_i/processing_system7_0/inst/FCLK_CLK0 | bmeMultibyteOg_i/multibyteOg_0/inst/ap_NS_fsm123_out                                                                                                                 | bmeMultibyteOg_i/multibyteOg_0/inst/multibyteOg_CTRL_m_axi_U/bus_write/fifo_resp_to_user/p_014_0_i_reg_696                                     |                6 |             23 |
|  bmeMultibyteOg_i/processing_system7_0/inst/FCLK_CLK0 | bmeMultibyteOg_i/axi_iic_0/U0/X_IIC/X_AXI_IPIF_SSP1/AXI_LITE_IPIF_I/I_SLAVE_ATTACHMENT/start2                                                                        | bmeMultibyteOg_i/axi_iic_0/U0/X_IIC/X_AXI_IPIF_SSP1/AXI_LITE_IPIF_I/I_SLAVE_ATTACHMENT/I_DECODER/cs_ce_clr                                     |                6 |             24 |
|  bmeMultibyteOg_i/processing_system7_0/inst/FCLK_CLK0 | bmeMultibyteOg_i/multibyteOg_0/inst/ap_NS_fsm116_out                                                                                                                 | bmeMultibyteOg_i/multibyteOg_0/inst/multibyteOg_CTRL_m_axi_U/bus_write/fifo_resp_to_user/p_014_0_i2_reg_707                                    |                7 |             26 |
|  bmeMultibyteOg_i/processing_system7_0/inst/FCLK_CLK0 | bmeMultibyteOg_i/multibyteOg_0/inst/multibyteOg_CTRL_s_axi_U/ar_hs                                                                                                   | bmeMultibyteOg_i/multibyteOg_0/inst/multibyteOg_CTRL_s_axi_U/rdata[31]_i_1_n_0                                                                 |                8 |             27 |
|  bmeMultibyteOg_i/processing_system7_0/inst/FCLK_CLK0 | bmeMultibyteOg_i/ps7_0_axi_periph/xbar/inst/gen_sasd.crossbar_sasd_0/addr_arbiter_inst/p_0_in                                                                        | bmeMultibyteOg_i/ps7_0_axi_periph/xbar/inst/gen_sasd.crossbar_sasd_0/addr_arbiter_inst/SR[0]                                                   |               12 |             29 |
|  bmeMultibyteOg_i/processing_system7_0/inst/FCLK_CLK0 | bmeMultibyteOg_i/multibyteOg_0/inst/multibyteOg_CTRL_m_axi_U/bus_read/fifo_rctl/p_21_in                                                                              | bmeMultibyteOg_i/multibyteOg_0/inst/multibyteOg_CTRL_m_axi_U/bus_read/buff_rdata/SR[0]                                                         |                8 |             30 |
|  bmeMultibyteOg_i/processing_system7_0/inst/FCLK_CLK0 | bmeMultibyteOg_i/multibyteOg_0/inst/multibyteOg_CTRL_m_axi_U/bus_write/fifo_resp_to_user/sensorData_2_4_reg_740_reg[0][0]                                            |                                                                                                                                                |                5 |             32 |
|  bmeMultibyteOg_i/processing_system7_0/inst/FCLK_CLK0 | bmeMultibyteOg_i/multibyteOg_0/inst/multibyteOg_CTRL_m_axi_U/bus_write/fifo_resp_to_user/sensorData_2_2_reg_718_reg[0][0]                                            |                                                                                                                                                |                7 |             32 |
|  bmeMultibyteOg_i/processing_system7_0/inst/FCLK_CLK0 | bmeMultibyteOg_i/multibyteOg_0/inst/multibyteOg_CTRL_m_axi_U/bus_read/buff_rdata/E[0]                                                                                |                                                                                                                                                |                5 |             32 |
|  bmeMultibyteOg_i/processing_system7_0/inst/FCLK_CLK0 | bmeMultibyteOg_i/multibyteOg_0/inst/multibyteOg_CTRL_m_axi_U/bus_write/fifo_resp_to_user/sensorData_1_2_reg_729_reg[0][0]                                            |                                                                                                                                                |                8 |             32 |
|  bmeMultibyteOg_i/processing_system7_0/inst/FCLK_CLK0 | bmeMultibyteOg_i/ps7_0_axi_periph/xbar/inst/gen_sasd.crossbar_sasd_0/reg_slice_r/aa_rready                                                                           |                                                                                                                                                |                8 |             32 |
|  bmeMultibyteOg_i/processing_system7_0/inst/FCLK_CLK0 | bmeMultibyteOg_i/multibyteOg_0/inst/multibyteOg_CTRL_m_axi_U/bus_read/rs_rdata/ap_NS_fsm[2]                                                                          |                                                                                                                                                |                8 |             32 |
|  bmeMultibyteOg_i/processing_system7_0/inst/FCLK_CLK0 | bmeMultibyteOg_i/multibyteOg_0/inst/multibyteOg_CTRL_m_axi_U/bus_read/rs_rdata/load_p1                                                                               |                                                                                                                                                |                9 |             32 |
|  bmeMultibyteOg_i/processing_system7_0/inst/FCLK_CLK0 | bmeMultibyteOg_i/multibyteOg_0/inst/multibyteOg_CTRL_m_axi_U/bus_read/rs_rdata/load_p2                                                                               |                                                                                                                                                |                6 |             32 |
|  bmeMultibyteOg_i/processing_system7_0/inst/FCLK_CLK0 | bmeMultibyteOg_i/multibyteOg_0/inst/multibyteOg_CTRL_m_axi_U/bus_read/buff_rdata/pop                                                                                 | bmeMultibyteOg_i/multibyteOg_0/inst/multibyteOg_CTRL_m_axi_U/bus_read/buff_rdata/SR[0]                                                         |               11 |             33 |
|  bmeMultibyteOg_i/processing_system7_0/inst/FCLK_CLK0 | bmeMultibyteOg_i/ps7_0_axi_periph/s00_couplers/auto_pc/inst/gen_axilite.gen_b2s_conv.axilite_b2s/RD.r_channel_0/rd_data_fifo_0/wr_en0                                |                                                                                                                                                |                9 |             34 |
|  bmeMultibyteOg_i/processing_system7_0/inst/FCLK_CLK0 | bmeMultibyteOg_i/ps7_0_axi_periph/s01_couplers/auto_pc/inst/gen_axilite.gen_b2s_conv.axilite_b2s/RD.r_channel_0/rd_data_fifo_0/wr_en0                                |                                                                                                                                                |                9 |             34 |
|  bmeMultibyteOg_i/processing_system7_0/inst/FCLK_CLK0 | bmeMultibyteOg_i/multibyteOg_0/inst/multibyteOg_CTRL_m_axi_U/bus_write/fifo_resp/could_multi_bursts.next_loop                                                        | bmeMultibyteOg_i/multibyteOg_0/inst/multibyteOg_CTRL_m_axi_U/bus_read/buff_rdata/SR[0]                                                         |               11 |             34 |
|  bmeMultibyteOg_i/processing_system7_0/inst/FCLK_CLK0 | bmeMultibyteOg_i/ps7_0_axi_periph/s01_couplers/auto_pc/inst/gen_axilite.gen_b2s_conv.axilite_b2s/SI_REG/r.r_pipe/p_1_in                                              |                                                                                                                                                |                7 |             35 |
|  bmeMultibyteOg_i/processing_system7_0/inst/FCLK_CLK0 | bmeMultibyteOg_i/ps7_0_axi_periph/xbar/inst/gen_sasd.crossbar_sasd_0/addr_arbiter_inst/E[0]                                                                          |                                                                                                                                                |               11 |             35 |
|  bmeMultibyteOg_i/processing_system7_0/inst/FCLK_CLK0 | bmeMultibyteOg_i/ps7_0_axi_periph/s01_couplers/auto_pc/inst/gen_axilite.gen_b2s_conv.axilite_b2s/SI_REG/r.r_pipe/skid_buffer_reg[0]_0                                |                                                                                                                                                |                7 |             35 |
|  bmeMultibyteOg_i/processing_system7_0/inst/FCLK_CLK0 | bmeMultibyteOg_i/ps7_0_axi_periph/s01_couplers/auto_pc/inst/gen_axilite.gen_b2s_conv.axilite_b2s/SI_REG/aw.aw_pipe/s_axi_awready                                     |                                                                                                                                                |                9 |             36 |
|  bmeMultibyteOg_i/processing_system7_0/inst/FCLK_CLK0 | bmeMultibyteOg_i/ps7_0_axi_periph/s01_couplers/auto_pc/inst/gen_axilite.gen_b2s_conv.axilite_b2s/WR.aw_channel_0/aw_cmd_fsm_0/m_payload_i_reg[0][0]                  |                                                                                                                                                |                7 |             36 |
|  bmeMultibyteOg_i/processing_system7_0/inst/FCLK_CLK0 | bmeMultibyteOg_i/ps7_0_axi_periph/s01_couplers/auto_pc/inst/gen_axilite.gen_b2s_conv.axilite_b2s/SI_REG/ar.ar_pipe/s_axi_arready                                     |                                                                                                                                                |                7 |             36 |
|  bmeMultibyteOg_i/processing_system7_0/inst/FCLK_CLK0 | bmeMultibyteOg_i/ps7_0_axi_periph/s01_couplers/auto_pc/inst/gen_axilite.gen_b2s_conv.axilite_b2s/RD.ar_channel_0/ar_cmd_fsm_0/m_payload_i_reg[0]_0[0]                |                                                                                                                                                |                8 |             36 |
|  bmeMultibyteOg_i/processing_system7_0/inst/FCLK_CLK0 | bmeMultibyteOg_i/ps7_0_axi_periph/s01_mmu/inst/register_slice_inst/aw.aw_pipe/m_payload_i[54]_i_1_n_0                                                                |                                                                                                                                                |               16 |             37 |
|  bmeMultibyteOg_i/processing_system7_0/inst/FCLK_CLK0 | bmeMultibyteOg_i/ps7_0_axi_periph/s01_mmu/inst/register_slice_inst/ar.ar_pipe/m_payload_i[54]_i_1__0_n_0                                                             |                                                                                                                                                |               11 |             37 |
|  bmeMultibyteOg_i/processing_system7_0/inst/FCLK_CLK0 | bmeMultibyteOg_i/multibyteOg_0/inst/multibyteOg_CTRL_m_axi_U/bus_write/fifo_resp/next_wreq                                                                           | bmeMultibyteOg_i/multibyteOg_0/inst/multibyteOg_CTRL_m_axi_U/bus_read/buff_rdata/SR[0]                                                         |               11 |             39 |
|  bmeMultibyteOg_i/processing_system7_0/inst/FCLK_CLK0 | bmeMultibyteOg_i/multibyteOg_0/inst/multibyteOg_CTRL_m_axi_U/bus_read/fifo_rctl/next_rreq                                                                            | bmeMultibyteOg_i/multibyteOg_0/inst/multibyteOg_CTRL_m_axi_U/bus_read/buff_rdata/SR[0]                                                         |               12 |             40 |
|  bmeMultibyteOg_i/processing_system7_0/inst/FCLK_CLK0 |                                                                                                                                                                      | bmeMultibyteOg_i/axi_iic_0/U0/X_IIC/REG_INTERFACE_I/SR[0]                                                                                      |               13 |             40 |
|  bmeMultibyteOg_i/processing_system7_0/inst/FCLK_CLK0 | bmeMultibyteOg_i/multibyteOg_0/inst/multibyteOg_CTRL_m_axi_U/bus_read/buff_rdata/push                                                                                | bmeMultibyteOg_i/multibyteOg_0/inst/multibyteOg_CTRL_m_axi_U/bus_read/buff_rdata/SR[0]                                                         |                7 |             41 |
|  bmeMultibyteOg_i/processing_system7_0/inst/FCLK_CLK0 |                                                                                                                                                                      | bmeMultibyteOg_i/axi_iic_0/U0/X_IIC/X_AXI_IPIF_SSP1/X_SOFT_RESET/SR[0]                                                                         |               14 |             42 |
|  bmeMultibyteOg_i/processing_system7_0/inst/FCLK_CLK0 |                                                                                                                                                                      | bmeMultibyteOg_i/ps7_0_axi_periph/s01_couplers/auto_pc/inst/gen_axilite.gen_b2s_conv.axilite_b2s/areset_d1                                     |               10 |             44 |
|  bmeMultibyteOg_i/processing_system7_0/inst/FCLK_CLK0 | bmeMultibyteOg_i/ps7_0_axi_periph/s00_couplers/auto_pc/inst/gen_axilite.gen_b2s_conv.axilite_b2s/SI_REG/r.r_pipe/skid_buffer_reg[0]_0                                |                                                                                                                                                |                9 |             47 |
|  bmeMultibyteOg_i/processing_system7_0/inst/FCLK_CLK0 | bmeMultibyteOg_i/ps7_0_axi_periph/s00_couplers/auto_pc/inst/gen_axilite.gen_b2s_conv.axilite_b2s/SI_REG/r.r_pipe/p_1_in                                              |                                                                                                                                                |                8 |             47 |
|  bmeMultibyteOg_i/processing_system7_0/inst/FCLK_CLK0 | bmeMultibyteOg_i/ps7_0_axi_periph/s00_couplers/auto_pc/inst/gen_axilite.gen_b2s_conv.axilite_b2s/SI_REG/ar.ar_pipe/s_axi_arready                                     |                                                                                                                                                |                9 |             52 |
|  bmeMultibyteOg_i/processing_system7_0/inst/FCLK_CLK0 | bmeMultibyteOg_i/ps7_0_axi_periph/s00_couplers/auto_pc/inst/gen_axilite.gen_b2s_conv.axilite_b2s/RD.ar_channel_0/ar_cmd_fsm_0/m_payload_i_reg[0]_1[0]                |                                                                                                                                                |                9 |             52 |
|  bmeMultibyteOg_i/processing_system7_0/inst/FCLK_CLK0 | bmeMultibyteOg_i/ps7_0_axi_periph/s00_couplers/auto_pc/inst/gen_axilite.gen_b2s_conv.axilite_b2s/WR.aw_channel_0/aw_cmd_fsm_0/m_payload_i_reg[0][0]                  |                                                                                                                                                |               12 |             52 |
|  bmeMultibyteOg_i/processing_system7_0/inst/FCLK_CLK0 | bmeMultibyteOg_i/ps7_0_axi_periph/s00_couplers/auto_pc/inst/gen_axilite.gen_b2s_conv.axilite_b2s/SI_REG/aw.aw_pipe/s_axi_awready                                     |                                                                                                                                                |               12 |             52 |
|  bmeMultibyteOg_i/processing_system7_0/inst/FCLK_CLK0 |                                                                                                                                                                      | bmeMultibyteOg_i/ps7_0_axi_periph/s00_couplers/auto_pc/inst/gen_axilite.gen_b2s_conv.axilite_b2s/areset_d1                                     |               16 |             59 |
|  bmeMultibyteOg_i/processing_system7_0/inst/FCLK_CLK0 | bmeMultibyteOg_i/multibyteOg_0/inst/multibyteOg_CTRL_s_axi_U/int_pressure_msb[31]_i_1_n_0                                                                            | bmeMultibyteOg_i/multibyteOg_0/inst/multibyteOg_CTRL_m_axi_U/bus_read/buff_rdata/SR[0]                                                         |               16 |             96 |
|  bmeMultibyteOg_i/processing_system7_0/inst/FCLK_CLK0 |                                                                                                                                                                      | bmeMultibyteOg_i/multibyteOg_0/inst/multibyteOg_CTRL_m_axi_U/bus_read/buff_rdata/SR[0]                                                         |               47 |            131 |
|  bmeMultibyteOg_i/processing_system7_0/inst/FCLK_CLK0 |                                                                                                                                                                      |                                                                                                                                                |               92 |            229 |
+-------------------------------------------------------+----------------------------------------------------------------------------------------------------------------------------------------------------------------------+------------------------------------------------------------------------------------------------------------------------------------------------+------------------+----------------+


+--------+-----------------------+
| Fanout | Number of ControlSets |
+--------+-----------------------+
| 1      |                     3 |
| 2      |                     5 |
| 4      |                    20 |
| 5      |                     5 |
| 6      |                    11 |
| 7      |                     5 |
| 8      |                    16 |
| 10     |                    15 |
| 11     |                     1 |
| 12     |                     8 |
| 13     |                     2 |
| 14     |                     2 |
| 15     |                     1 |
| 16+    |                    54 |
+--------+-----------------------+


